Archive member included to satisfy reference by file (symbol)

/usr/lib/gcc/arm-none-eabi/8.3.1/thumb/v6-m/nofp/libgcc.a(_dvmd_tls.o)
                              CMakeFiles/barrier.dir/root/raspberry-pi-pico/pico/pico-sdk/src/rp2_common/pico_divider/divider.S.obj (__aeabi_idiv0)
/usr/lib/gcc/arm-none-eabi/8.3.1/../../../arm-none-eabi/lib/thumb/v6-m/nofp/libc.a(lib_a-atexit.o)
                              /usr/lib/gcc/arm-none-eabi/8.3.1/../../../arm-none-eabi/lib/thumb/v6-m/nofp/crt0.o (atexit)
/usr/lib/gcc/arm-none-eabi/8.3.1/../../../arm-none-eabi/lib/thumb/v6-m/nofp/libc.a(lib_a-calloc.o)
                              CMakeFiles/barrier.dir/root/raspberry-pi-pico/pico/pico-sdk/src/rp2_common/pico_malloc/pico_malloc.c.obj (calloc)
/usr/lib/gcc/arm-none-eabi/8.3.1/../../../arm-none-eabi/lib/thumb/v6-m/nofp/libc.a(lib_a-callocr.o)
                              /usr/lib/gcc/arm-none-eabi/8.3.1/../../../arm-none-eabi/lib/thumb/v6-m/nofp/libc.a(lib_a-calloc.o) (_calloc_r)
/usr/lib/gcc/arm-none-eabi/8.3.1/../../../arm-none-eabi/lib/thumb/v6-m/nofp/libc.a(lib_a-fini.o)
                              /usr/lib/gcc/arm-none-eabi/8.3.1/../../../arm-none-eabi/lib/thumb/v6-m/nofp/crt0.o (__libc_fini_array)
/usr/lib/gcc/arm-none-eabi/8.3.1/../../../arm-none-eabi/lib/thumb/v6-m/nofp/libc.a(lib_a-impure.o)
                              /usr/lib/gcc/arm-none-eabi/8.3.1/../../../arm-none-eabi/lib/thumb/v6-m/nofp/libc.a(lib_a-calloc.o) (_impure_ptr)
/usr/lib/gcc/arm-none-eabi/8.3.1/../../../arm-none-eabi/lib/thumb/v6-m/nofp/libc.a(lib_a-init.o)
                              /usr/lib/gcc/arm-none-eabi/8.3.1/../../../arm-none-eabi/lib/thumb/v6-m/nofp/crt0.o (__libc_init_array)
/usr/lib/gcc/arm-none-eabi/8.3.1/../../../arm-none-eabi/lib/thumb/v6-m/nofp/libc.a(lib_a-malloc.o)
                              CMakeFiles/barrier.dir/root/raspberry-pi-pico/pico/pico-sdk/src/rp2_common/pico_malloc/pico_malloc.c.obj (malloc)
/usr/lib/gcc/arm-none-eabi/8.3.1/../../../arm-none-eabi/lib/thumb/v6-m/nofp/libc.a(lib_a-mallocr.o)
                              /usr/lib/gcc/arm-none-eabi/8.3.1/../../../arm-none-eabi/lib/thumb/v6-m/nofp/libc.a(lib_a-callocr.o) (_malloc_r)
/usr/lib/gcc/arm-none-eabi/8.3.1/../../../arm-none-eabi/lib/thumb/v6-m/nofp/libc.a(lib_a-mlock.o)
                              /usr/lib/gcc/arm-none-eabi/8.3.1/../../../arm-none-eabi/lib/thumb/v6-m/nofp/libc.a(lib_a-mallocr.o) (__malloc_lock)
/usr/lib/gcc/arm-none-eabi/8.3.1/../../../arm-none-eabi/lib/thumb/v6-m/nofp/libc.a(lib_a-realloc.o)
                              CMakeFiles/barrier.dir/root/raspberry-pi-pico/pico/pico-sdk/src/rp2_common/pico_malloc/pico_malloc.c.obj (realloc)
/usr/lib/gcc/arm-none-eabi/8.3.1/../../../arm-none-eabi/lib/thumb/v6-m/nofp/libc.a(lib_a-reallocr.o)
                              /usr/lib/gcc/arm-none-eabi/8.3.1/../../../arm-none-eabi/lib/thumb/v6-m/nofp/libc.a(lib_a-realloc.o) (_realloc_r)
/usr/lib/gcc/arm-none-eabi/8.3.1/../../../arm-none-eabi/lib/thumb/v6-m/nofp/libc.a(lib_a-sbrkr.o)
                              /usr/lib/gcc/arm-none-eabi/8.3.1/../../../arm-none-eabi/lib/thumb/v6-m/nofp/libc.a(lib_a-mallocr.o) (_sbrk_r)
/usr/lib/gcc/arm-none-eabi/8.3.1/../../../arm-none-eabi/lib/thumb/v6-m/nofp/libc.a(lib_a-scanf.o)
                              CMakeFiles/barrier.dir/barrier.c.obj (scanf)
/usr/lib/gcc/arm-none-eabi/8.3.1/../../../arm-none-eabi/lib/thumb/v6-m/nofp/libc.a(lib_a-strcmp.o)
                              CMakeFiles/barrier.dir/barrier.c.obj (strcmp)
/usr/lib/gcc/arm-none-eabi/8.3.1/../../../arm-none-eabi/lib/thumb/v6-m/nofp/libc.a(lib_a-strlen-stub.o)
                              CMakeFiles/barrier.dir/root/raspberry-pi-pico/pico/pico-sdk/src/rp2_common/pico_stdio/stdio.c.obj (strlen)
/usr/lib/gcc/arm-none-eabi/8.3.1/../../../arm-none-eabi/lib/thumb/v6-m/nofp/libc.a(lib_a-vfscanf.o)
                              /usr/lib/gcc/arm-none-eabi/8.3.1/../../../arm-none-eabi/lib/thumb/v6-m/nofp/libc.a(lib_a-scanf.o) (_vfscanf_r)
/usr/lib/gcc/arm-none-eabi/8.3.1/../../../arm-none-eabi/lib/thumb/v6-m/nofp/libc.a(lib_a-__atexit.o)
                              /usr/lib/gcc/arm-none-eabi/8.3.1/../../../arm-none-eabi/lib/thumb/v6-m/nofp/libc.a(lib_a-atexit.o) (__register_exitproc)
/usr/lib/gcc/arm-none-eabi/8.3.1/../../../arm-none-eabi/lib/thumb/v6-m/nofp/libc.a(lib_a-ctype_.o)
                              /usr/lib/gcc/arm-none-eabi/8.3.1/../../../arm-none-eabi/lib/thumb/v6-m/nofp/libc.a(lib_a-vfscanf.o) (_ctype_)
/usr/lib/gcc/arm-none-eabi/8.3.1/../../../arm-none-eabi/lib/thumb/v6-m/nofp/libc.a(lib_a-findfp.o)
                              /usr/lib/gcc/arm-none-eabi/8.3.1/../../../arm-none-eabi/lib/thumb/v6-m/nofp/libc.a(lib_a-vfscanf.o) (__sinit)
/usr/lib/gcc/arm-none-eabi/8.3.1/../../../arm-none-eabi/lib/thumb/v6-m/nofp/libc.a(lib_a-fread.o)
                              /usr/lib/gcc/arm-none-eabi/8.3.1/../../../arm-none-eabi/lib/thumb/v6-m/nofp/libc.a(lib_a-vfscanf.o) (_fread_r)
[...]
Memory Configuration

Name             Origin             Length             Attributes
FLASH            0x10000000         0x00200000         xr
RAM              0x20000000         0x00040000         xrw
SCRATCH_X        0x20040000         0x00001000         xrw
SCRATCH_Y        0x20041000         0x00001000         xrw
*default*        0x00000000         0xffffffff

Linker script and memory map

LOAD /usr/lib/gcc/arm-none-eabi/8.3.1/thumb/v6-m/nofp/crti.o
LOAD /usr/lib/gcc/arm-none-eabi/8.3.1/thumb/v6-m/nofp/crtbegin.o
LOAD /usr/lib/gcc/arm-none-eabi/8.3.1/../../../arm-none-eabi/lib/thumb/v6-m/nofp/crt0.o

.flash_begin    0x10000000        0x0
                0x10000000                __flash_binary_start = .

.boot2          0x10000000      0x100
                0x10000000                __boot2_start__ = .
 *(.boot2)
 .boot2         0x10000000      0x100 /tmp/ccxXdsAu.o
                0x10000100                __boot2_end__ = .
                0x00000001                ASSERT (((__boot2_end__ - __boot2_start__) == 0x100), ERROR: Pico second stage bootloader must be 256 bytes in size)

.text           0x10000100     0xa408
                0x10000100                __logical_binary_start = .
 *(.vectors)
 .vectors       0x10000100       0xd4 CMakeFiles/barrier.dir/root/raspberry-pi-pico/pico/pico-sdk/src/rp2_common/pico_standard_link/crt0.S.obj
                0x10000100                __vectors
                0x10000100                __VECTOR_TABLE
                0x100001c0                isr_invalid
                0x100001c0                __default_isrs_start
                0x100001c2                isr_nmi
                0x100001c4                isr_hardfault
                0x100001c6                isr_svcall
                0x100001c8                isr_pendsv
                0x100001ca                isr_systick
                0x100001cc                isr_irq30
                0x100001cc                __unhandled_user_irq
                0x100001cc                isr_irq13
                0x100001cc                isr_irq27
                0x100001cc                isr_irq31
                0x100001cc                isr_irq5
                0x100001cc                isr_irq11
                0x100001cc                isr_irq23
                0x100001cc                isr_irq18
                0x100001cc                isr_irq28
                0x100001cc                isr_irq19
                0x100001cc                isr_irq0
                0x100001cc                isr_irq6
                0x100001cc                isr_irq22
                0x100001cc                isr_irq17
                0x100001cc                isr_irq14
                0x100001cc                isr_irq2
                0x100001cc                isr_irq10
                0x100001cc                isr_irq8
                0x100001cc                isr_irq24
                0x100001cc                isr_irq1
                0x100001cc                isr_irq7
                0x100001cc                isr_irq21
                0x100001cc                isr_irq20
                0x100001cc                isr_irq15
                0x100001cc                isr_irq25
                0x100001cc                isr_irq4
                0x100001cc                isr_irq16
                0x100001cc                isr_irq29
                0x100001cc                isr_irq26
                0x100001cc                __default_isrs_end
                0x100001cc                isr_irq3
                0x100001cc                isr_irq12
                0x100001cc                isr_irq9
                0x100001d2                unhandled_user_irq_num_in_r0
 *(.binary_info_header)
 .binary_info_header
                0x100001d4       0x14 CMakeFiles/barrier.dir/root/raspberry-pi-pico/pico/pico-sdk/src/rp2_common/pico_standard_link/crt0.S.obj
                0x100001e8                __binary_info_header_end = .
 *(.reset)
 .reset         0x100001e8       0xa8 CMakeFiles/barrier.dir/root/raspberry-pi-pico/pico/pico-sdk/src/rp2_common/pico_standard_link/crt0.S.obj
                0x100001e8                _entry_point
                0x10000266                __get_current_exception
 .reset         0x10000290       0x30 CMakeFiles/barrier.dir/root/raspberry-pi-pico/pico/pico-sdk/src/rp2_common/pico_standard_link/binary_info.c.obj
 *(.init)
 .init          0x100002c0        0x4 /usr/lib/gcc/arm-none-eabi/8.3.1/thumb/v6-m/nofp/crti.o
                0x100002c0                _init
 *(EXCLUDE_FILE(*libm.a: *libc.a:*lib_a-mem*.o *libgcc.a:) .text*)
 .text          0x100002c4       0x98 /usr/lib/gcc/arm-none-eabi/8.3.1/thumb/v6-m/nofp/crtbegin.o
 .text.showMenu
                0x1000035c       0x2c CMakeFiles/barrier.dir/barrier.c.obj
                0x1000035c                showMenu
 .text.startup.main
                0x10000388      0x38c CMakeFiles/barrier.dir/barrier.c.obj
                0x10000388                main
 .text.gpio_set_function
                0x10000714       0x30 CMakeFiles/barrier.dir/root/raspberry-pi-pico/pico/pico-sdk/src/rp2_common/hardware_gpio/gpio.c.obj
                0x10000714                gpio_set_function
 .text.gpio_set_pulls
                0x10000744       0x30 CMakeFiles/barrier.dir/root/raspberry-pi-pico/pico/pico-sdk/src/rp2_common/hardware_gpio/gpio.c.obj
                0x10000744                gpio_set_pulls
 .text.gpio_init
                0x10000774       0x3c CMakeFiles/barrier.dir/root/raspberry-pi-pico/pico/pico-sdk/src/rp2_common/hardware_gpio/gpio.c.obj
                0x10000774                gpio_init
 .text.hw_claim_or_assert
                0x100007b0       0x44 CMakeFiles/barrier.dir/root/raspberry-pi-pico/pico/pico-sdk/src/rp2_common/hardware_claim/claim.c.obj
                0x100007b0                hw_claim_or_assert
 .text.running_on_fpga
                0x100007f4       0x10 CMakeFiles/barrier.dir/root/raspberry-pi-pico/pico/pico-sdk/src/rp2_common/pico_platform/platform.c.obj
                0x100007f4                running_on_fpga
 .text.spin_locks_reset
                0x10000804       0x1c CMakeFiles/barrier.dir/root/raspberry-pi-pico/pico/pico-sdk/src/rp2_common/hardware_sync/sync.c.obj
                0x10000804                spin_locks_reset
 .text.next_striped_spin_lock_num
                0x10000820       0x18 CMakeFiles/barrier.dir/root/raspberry-pi-pico/pico/pico-sdk/src/rp2_common/hardware_sync/sync.c.obj
                0x10000820                next_striped_spin_lock_num
 .text.irq_set_enabled
                0x10000838       0x24 CMakeFiles/barrier.dir/root/raspberry-pi-pico/pico/pico-sdk/src/rp2_common/hardware_irq/irq.c.obj
                0x10000838                irq_set_enabled
 .text.irq_get_vtable_handler
                0x1000085c       0x10 CMakeFiles/barrier.dir/root/raspberry-pi-pico/pico/pico-sdk/src/rp2_common/hardware_irq/irq.c.obj
                0x1000085c                irq_get_vtable_handler
 .text.irq_set_exclusive_handler
                0x1000086c       0x54 CMakeFiles/barrier.dir/root/raspberry-pi-pico/pico/pico-sdk/src/rp2_common/hardware_irq/irq.c.obj
                0x1000086c                irq_set_exclusive_handler
 .text.irq_remove_handler
                0x100008c0      0x1b4 CMakeFiles/barrier.dir/root/raspberry-pi-pico/pico/pico-sdk/src/rp2_common/hardware_irq/irq.c.obj
                0x100008c0                irq_remove_handler
 .text.irq_add_tail_to_free_list
                0x10000a74       0xb4 CMakeFiles/barrier.dir/root/raspberry-pi-pico/pico/pico-sdk/src/rp2_common/hardware_irq/irq.c.obj
                0x10000a74                irq_add_tail_to_free_list
 .text.irq_init_priorities
                0x10000b28       0x24 CMakeFiles/barrier.dir/root/raspberry-pi-pico/pico/pico-sdk/src/rp2_common/hardware_irq/irq.c.obj
                0x10000b28                irq_init_priorities
 .text.lock_init
                0x10000b4c       0x10 CMakeFiles/barrier.dir/root/raspberry-pi-pico/pico/pico-sdk/src/common/pico_sync/lock_core.c.obj
                0x10000b4c                lock_init
 .text.timer_pool_entry_comparator
                0x10000b5c       0x34 CMakeFiles/barrier.dir/root/raspberry-pi-pico/pico/pico-sdk/src/common/pico_time/time.c.obj
                0x10000b5c                timer_pool_entry_comparator
 .text.sleep_until_callback
                0x10000b90       0x30 CMakeFiles/barrier.dir/root/raspberry-pi-pico/pico/pico-sdk/src/common/pico_time/time.c.obj
 .text.add_alarm_under_lock
                0x10000bc0      0x114 CMakeFiles/barrier.dir/root/raspberry-pi-pico/pico/pico-sdk/src/common/pico_time/time.c.obj
 .text.alarm_pool_alarm_callback
                0x10000cd4      0x1d0 CMakeFiles/barrier.dir/root/raspberry-pi-pico/pico/pico-sdk/src/common/pico_time/time.c.obj
 .text.alarm_pool_init_default
                0x10000ea4       0x64 CMakeFiles/barrier.dir/root/raspberry-pi-pico/pico/pico-sdk/src/common/pico_time/time.c.obj
                0x10000ea4                alarm_pool_init_default
 .text.alarm_pool_add_alarm_at
                0x10000f08      0x19c CMakeFiles/barrier.dir/root/raspberry-pi-pico/pico/pico-sdk/src/common/pico_time/time.c.obj
                0x10000f08                alarm_pool_add_alarm_at
 .text.sleep_until
                0x100010a4       0xc4 CMakeFiles/barrier.dir/root/raspberry-pi-pico/pico/pico-sdk/src/common/pico_time/time.c.obj
                0x100010a4                sleep_until
 .text.sleep_ms
                0x10001168       0x38 CMakeFiles/barrier.dir/root/raspberry-pi-pico/pico/pico-sdk/src/common/pico_time/time.c.obj
                0x10001168                sleep_ms
 .text.hardware_alarm_irq_handler
                0x100011a0       0xb0 CMakeFiles/barrier.dir/root/raspberry-pi-pico/pico/pico-sdk/src/rp2_common/hardware_timer/timer.c.obj
 .text.hardware_alarm_claim
                0x10001250       0x18 CMakeFiles/barrier.dir/root/raspberry-pi-pico/pico/pico-sdk/src/rp2_common/hardware_timer/timer.c.obj
                0x10001250                hardware_alarm_claim
 .text.time_us_64
                0x10001268       0x18 CMakeFiles/barrier.dir/root/raspberry-pi-pico/pico/pico-sdk/src/rp2_common/hardware_timer/timer.c.obj
                0x10001268                time_us_64
 .text.busy_wait_us
                0x10001280       0x60 CMakeFiles/barrier.dir/root/raspberry-pi-pico/pico/pico-sdk/src/rp2_common/hardware_timer/timer.c.obj
                0x10001280                busy_wait_us
 .text.busy_wait_until
                0x100012e0       0x20 CMakeFiles/barrier.dir/root/raspberry-pi-pico/pico/pico-sdk/src/rp2_common/hardware_timer/timer.c.obj
                0x100012e0                busy_wait_until
 .text.hardware_alarm_set_callback
                0x10001300       0x8c CMakeFiles/barrier.dir/root/raspberry-pi-pico/pico/pico-sdk/src/rp2_common/hardware_timer/timer.c.obj
                0x10001300                hardware_alarm_set_callback
 .text.hardware_alarm_set_target
                0x1000138c       0xe8 CMakeFiles/barrier.dir/root/raspberry-pi-pico/pico/pico-sdk/src/rp2_common/hardware_timer/timer.c.obj
                0x1000138c                hardware_alarm_set_target
 .text.hardware_alarm_cancel
                0x10001474       0x40 CMakeFiles/barrier.dir/root/raspberry-pi-pico/pico/pico-sdk/src/rp2_common/hardware_timer/timer.c.obj
                0x10001474                hardware_alarm_cancel
 .text.ph_merge_nodes
                0x100014b4       0x5c CMakeFiles/barrier.dir/root/raspberry-pi-pico/pico/pico-sdk/src/common/pico_util/pheap.c.obj
 .text.ph_post_alloc_init
                0x10001510      0x1b8 CMakeFiles/barrier.dir/root/raspberry-pi-pico/pico/pico-sdk/src/common/pico_util/pheap.c.obj
                0x10001510                ph_post_alloc_init
 .text.ph_merge_two_pass
                0x100016c8       0x4c CMakeFiles/barrier.dir/root/raspberry-pi-pico/pico/pico-sdk/src/common/pico_util/pheap.c.obj
                0x100016c8                ph_merge_two_pass
 .text.ph_remove_any_head
                0x10001714      0x1b8 CMakeFiles/barrier.dir/root/raspberry-pi-pico/pico/pico-sdk/src/common/pico_util/pheap.c.obj
 .text.ph_remove_head
                0x100018cc      0x1bc CMakeFiles/barrier.dir/root/raspberry-pi-pico/pico/pico-sdk/src/common/pico_util/pheap.c.obj
                0x100018cc                ph_remove_head
 .text.ph_remove_and_free_node
                0x10001a88       0x7c CMakeFiles/barrier.dir/root/raspberry-pi-pico/pico/pico-sdk/src/common/pico_util/pheap.c.obj
                0x10001a88                ph_remove_and_free_node
 .text.mutex_init
                0x10001b04       0x1c CMakeFiles/barrier.dir/root/raspberry-pi-pico/pico/pico-sdk/src/common/pico_sync/mutex.c.obj
                0x10001b04                mutex_init
 .text.recursive_mutex_init
                0x10001b20       0x1c CMakeFiles/barrier.dir/root/raspberry-pi-pico/pico/pico-sdk/src/common/pico_sync/mutex.c.obj
                0x10001b20                recursive_mutex_init
 .text.uart_init
                0x10001b3c       0xe4 CMakeFiles/barrier.dir/root/raspberry-pi-pico/pico/pico-sdk/src/rp2_common/hardware_uart/uart.c.obj
                0x10001b3c                uart_init
 .text.runtime_init
                0x10001c20       0xf4 CMakeFiles/barrier.dir/root/raspberry-pi-pico/pico/pico-sdk/src/rp2_common/pico_runtime/runtime.c.obj
                0x10001c20                runtime_init
 .text._sbrk    0x10001d14       0x34 CMakeFiles/barrier.dir/root/raspberry-pi-pico/pico/pico-sdk/src/rp2_common/pico_runtime/runtime.c.obj
                0x10001d14                _sbrk
 .text.exit     0x10001d48        0x4 CMakeFiles/barrier.dir/root/raspberry-pi-pico/pico/pico-sdk/src/rp2_common/pico_runtime/runtime.c.obj
                0x10001d48                exit
 .text.__assert_func
                0x10001d4c       0x34 CMakeFiles/barrier.dir/root/raspberry-pi-pico/pico/pico-sdk/src/rp2_common/pico_runtime/runtime.c.obj
                0x10001d4c                __assert_func
 .text.panic    0x10001d80       0x30 CMakeFiles/barrier.dir/root/raspberry-pi-pico/pico/pico-sdk/src/rp2_common/pico_runtime/runtime.c.obj
                0x10001d80                panic
 .text.hard_assertion_failure
                0x10001db0        0xc CMakeFiles/barrier.dir/root/raspberry-pi-pico/pico/pico-sdk/src/rp2_common/pico_runtime/runtime.c.obj
                0x10001db0                hard_assertion_failure
 .text.clocks_init
                0x10001dbc      0x2c0 CMakeFiles/barrier.dir/root/raspberry-pi-pico/pico/pico-sdk/src/rp2_common/hardware_clocks/clocks.c.obj
                0x10001dbc                clocks_init
 .text.clock_get_hz
                0x1000207c        0xc CMakeFiles/barrier.dir/root/raspberry-pi-pico/pico/pico-sdk/src/rp2_common/hardware_clocks/clocks.c.obj
                0x1000207c                clock_get_hz
 .text.pll_init
                0x10002088       0xa8 CMakeFiles/barrier.dir/root/raspberry-pi-pico/pico/pico-sdk/src/rp2_common/hardware_pll/pll.c.obj
                0x10002088                pll_init
 .text.watchdog_start_tick
                0x10002130       0x10 CMakeFiles/barrier.dir/root/raspberry-pi-pico/pico/pico-sdk/src/rp2_common/hardware_watchdog/watchdog.c.obj
                0x10002130                watchdog_start_tick
 .text.xosc_init
                0x10002140       0x28 CMakeFiles/barrier.dir/root/raspberry-pi-pico/pico/pico-sdk/src/rp2_common/hardware_xosc/xosc.c.obj
                0x10002140                xosc_init
 .text._out_buffer
                0x10002168        0x8 CMakeFiles/barrier.dir/root/raspberry-pi-pico/pico/pico-sdk/src/rp2_common/pico_printf/printf.c.obj
 .text._out_null
                0x10002170        0x4 CMakeFiles/barrier.dir/root/raspberry-pi-pico/pico/pico-sdk/src/rp2_common/pico_printf/printf.c.obj
 .text._out_rev
                0x10002174       0x9c CMakeFiles/barrier.dir/root/raspberry-pi-pico/pico/pico-sdk/src/rp2_common/pico_printf/printf.c.obj
 .text._ntoa_format
                0x10002210      0x1c8 CMakeFiles/barrier.dir/root/raspberry-pi-pico/pico/pico-sdk/src/rp2_common/pico_printf/printf.c.obj
 .text._out_char
                0x100023d8       0x10 CMakeFiles/barrier.dir/root/raspberry-pi-pico/pico/pico-sdk/src/rp2_common/pico_printf/printf.c.obj
 .text._out_fct
                0x100023e8       0x10 CMakeFiles/barrier.dir/root/raspberry-pi-pico/pico/pico-sdk/src/rp2_common/pico_printf/printf.c.obj
 .text._etoa    0x100023f8      0x45c CMakeFiles/barrier.dir/root/raspberry-pi-pico/pico/pico-sdk/src/rp2_common/pico_printf/printf.c.obj
 .text._ftoa    0x10002854      0x4c0 CMakeFiles/barrier.dir/root/raspberry-pi-pico/pico/pico-sdk/src/rp2_common/pico_printf/printf.c.obj
 .text._vsnprintf
                0x10002d14      0xad0 CMakeFiles/barrier.dir/root/raspberry-pi-pico/pico/pico-sdk/src/rp2_common/pico_printf/printf.c.obj
 .text.__wrap_sprintf
                0x100037e4       0x28 CMakeFiles/barrier.dir/root/raspberry-pi-pico/pico/pico-sdk/src/rp2_common/pico_printf/printf.c.obj
                0x100037e4                __wrap_sprintf
 .text.vfctprintf
                0x1000380c       0x20 CMakeFiles/barrier.dir/root/raspberry-pi-pico/pico/pico-sdk/src/rp2_common/pico_printf/printf.c.obj
                0x1000380c                vfctprintf
 .text.weak_raw_printf
                0x1000382c       0x40 CMakeFiles/barrier.dir/root/raspberry-pi-pico/pico/pico-sdk/src/rp2_common/pico_printf/printf.c.obj
                0x1000382c                weak_raw_printf
 .text.weak_raw_vprintf
                0x1000386c       0x30 CMakeFiles/barrier.dir/root/raspberry-pi-pico/pico/pico-sdk/src/rp2_common/pico_printf/printf.c.obj
                0x1000386c                weak_raw_vprintf
 .text          0x1000389c       0x10 CMakeFiles/barrier.dir/root/raspberry-pi-pico/pico/pico-sdk/src/rp2_common/pico_bit_ops/bit_ops_aeabi.S.obj
 .text.rom_func_lookup
                0x100038ac       0x10 CMakeFiles/barrier.dir/root/raspberry-pi-pico/pico/pico-sdk/src/rp2_common/pico_bootrom/bootrom.c.obj
                0x100038ac                rom_func_lookup
 .text.rom_data_lookup
                0x100038bc       0x10 CMakeFiles/barrier.dir/root/raspberry-pi-pico/pico/pico-sdk/src/rp2_common/pico_bootrom/bootrom.c.obj
                0x100038bc                rom_data_lookup
 .text.rom_funcs_lookup
                0x100038cc       0x3c CMakeFiles/barrier.dir/root/raspberry-pi-pico/pico/pico-sdk/src/rp2_common/pico_bootrom/bootrom.c.obj
                0x100038cc                rom_funcs_lookup
 .text.__wrap___aeabi_idiv
                0x10003908       0x50 CMakeFiles/barrier.dir/root/raspberry-pi-pico/pico/pico-sdk/src/rp2_common/pico_divider/divider.S.obj
                0x10003908                __wrap___aeabi_idivmod
                0x10003908                divmod_s32s32
                0x10003908                div_s32s32
                0x10003908                __wrap___aeabi_idiv
                0x10003910                divmod_s32s32_unsafe
                0x1000393c                divmod_s32s32_savestate
 .text.__wrap___aeabi_uidiv
                0x10003958       0x4c CMakeFiles/barrier.dir/root/raspberry-pi-pico/pico/pico-sdk/src/rp2_common/pico_divider/divider.S.obj
                0x10003958                __wrap___aeabi_uidiv
                0x10003958                __wrap___aeabi_uidivmod
                0x10003958                div_u32u32
                0x10003958                divmod_u32u32
                0x10003960                divmod_u32u32_unsafe
                0x10003988                divmod_u32u32_savestate
 .text.__wrap___aeabi_ldiv
                0x100039a4      0x434 CMakeFiles/barrier.dir/root/raspberry-pi-pico/pico/pico-sdk/src/rp2_common/pico_divider/divider.S.obj
                0x100039a4                div_s64s64
                0x100039a4                divmod_s64s64
                0x100039a4                __wrap___aeabi_ldivmod
                0x100039dc                div_u64u64
                0x100039dc                divmod_u64u64
                0x100039dc                __wrap___aeabi_uldivmod
                0x100039ec                divmod_u64u64_savestate
                0x10003a14                divmod_s64s64_unsafe
                0x10003a9c                divmod_u64u64_unsafe
 .text.__wrap___aeabi_darithmetic
                0x10003dd8       0x80 CMakeFiles/barrier.dir/root/raspberry-pi-pico/pico/pico-sdk/src/rp2_common/pico_double/double_aeabi.S.obj
                0x10003dd8                __wrap___aeabi_drsub
                0x10003dde                __wrap___aeabi_dsub
                0x10003df0                __wrap___aeabi_dadd
                0x10003e02                __wrap___aeabi_ddiv
                0x10003e3e                __wrap___aeabi_dmul
 .text.__wrap___aeabi_cdcmple
                0x10003e58       0x6c CMakeFiles/barrier.dir/root/raspberry-pi-pico/pico/pico-sdk/src/rp2_common/pico_double/double_aeabi.S.obj
                0x10003e58                __wrap___aeabi_cdrcmple
                0x10003e68                __wrap___aeabi_cdcmple
                0x10003e68                __wrap___aeabi_cdcmpeq
 .text.__wrap___aeabi_dcmpeq
                0x10003ec4       0x10 CMakeFiles/barrier.dir/root/raspberry-pi-pico/pico/pico-sdk/src/rp2_common/pico_double/double_aeabi.S.obj
                0x10003ec4                __wrap___aeabi_dcmpeq
 .text.__wrap___aeabi_dcmplt
                0x10003ed4        0xc CMakeFiles/barrier.dir/root/raspberry-pi-pico/pico/pico-sdk/src/rp2_common/pico_double/double_aeabi.S.obj
                0x10003ed4                __wrap___aeabi_dcmplt
 .text.__wrap___aeabi_dcmple
                0x10003ee0       0x10 CMakeFiles/barrier.dir/root/raspberry-pi-pico/pico/pico-sdk/src/rp2_common/pico_double/double_aeabi.S.obj
                0x10003ee0                __wrap___aeabi_dcmple
 .text.__wrap___aeabi_dcmpge
                0x10003ef0       0x10 CMakeFiles/barrier.dir/root/raspberry-pi-pico/pico/pico-sdk/src/rp2_common/pico_double/double_aeabi.S.obj
                0x10003ef0                __wrap___aeabi_dcmpge
 .text.__wrap___aeabi_dcmpgt
                0x10003f00        0xa CMakeFiles/barrier.dir/root/raspberry-pi-pico/pico/pico-sdk/src/rp2_common/pico_double/double_aeabi.S.obj
                0x10003f00                __wrap___aeabi_dcmpgt
 .text.__wrap___aeabi_dcmpun
                0x10003f0a       0x1c CMakeFiles/barrier.dir/root/raspberry-pi-pico/pico/pico-sdk/src/rp2_common/pico_double/double_aeabi.S.obj
                0x10003f0a                __wrap___aeabi_dcmpun
 *fill*         0x10003f26        0x2 
 .text.__wrap___aeabi_i2d
                0x10003f28       0x38 CMakeFiles/barrier.dir/root/raspberry-pi-pico/pico/pico-sdk/src/rp2_common/pico_double/double_aeabi.S.obj
                0x10003f28                __wrap___aeabi_ui2d
                0x10003f30                __wrap___aeabi_i2d
 .text.__wrap___aeabi_d2iz
                0x10003f60       0x48 CMakeFiles/barrier.dir/root/raspberry-pi-pico/pico/pico-sdk/src/rp2_common/pico_double/double_aeabi.S.obj
                0x10003f60                __wrap___aeabi_d2iz
                0x10003f60                double2int_z
 .text.__wrap___aeabi_d2uiz
                0x10003fa8       0x18 CMakeFiles/barrier.dir/root/raspberry-pi-pico/pico/pico-sdk/src/rp2_common/pico_double/double_aeabi.S.obj
                0x10003fa8                double2uint
                0x10003fa8                __wrap___aeabi_d2uiz
 .text.__wrap___aeabi_l2d
                0x10003fc0       0x18 CMakeFiles/barrier.dir/root/raspberry-pi-pico/pico/pico-sdk/src/rp2_common/pico_double/double_aeabi.S.obj
                0x10003fc0                __wrap___aeabi_l2d
 .text.__wrap___aeabi_d2lz
                0x10003fd8       0x26 CMakeFiles/barrier.dir/root/raspberry-pi-pico/pico/pico-sdk/src/rp2_common/pico_double/double_aeabi.S.obj
                0x10003fd8                __wrap___aeabi_d2lz
                0x10003fd8                double2int64_z
 *fill*         0x10003ffe        0x2 
 .text.double2int64
                0x10004000       0x18 CMakeFiles/barrier.dir/root/raspberry-pi-pico/pico/pico-sdk/src/rp2_common/pico_double/double_aeabi.S.obj
                0x10004000                double2int64
 .text.double2ufix64
                0x10004018       0x18 CMakeFiles/barrier.dir/root/raspberry-pi-pico/pico/pico-sdk/src/rp2_common/pico_double/double_aeabi.S.obj
                0x10004018                double2ufix64
 .text.__wrap___aeabi_d2f
                0x10004030       0x18 CMakeFiles/barrier.dir/root/raspberry-pi-pico/pico/pico-sdk/src/rp2_common/pico_double/double_aeabi.S.obj
                0x10004030                __wrap___aeabi_d2f
 .text.__aeabi_double_init
                0x10004048       0xbc CMakeFiles/barrier.dir/root/raspberry-pi-pico/pico/pico-sdk/src/rp2_common/pico_double/double_init_rom.c.obj
                0x10004048                __aeabi_double_init
 .text.double_table_shim_on_use_helper
                0x10004104       0x2c CMakeFiles/barrier.dir/root/raspberry-pi-pico/pico/pico-sdk/src/rp2_common/pico_double/double_v1_rom_shim.S.obj
                0x10004104                double_table_shim_on_use_helper
 .text.__wrap___aeabi_dsub
                0x10004130       0x10 CMakeFiles/barrier.dir/root/raspberry-pi-pico/pico/pico-sdk/src/rp2_common/pico_double/double_v1_rom_shim.S.obj
                0x10004130                drsub_shim
                0x10004136                dsub_shim
 .text.dadd_shim
                0x10004140      0x15c CMakeFiles/barrier.dir/root/raspberry-pi-pico/pico/pico-sdk/src/rp2_common/pico_double/double_v1_rom_shim.S.obj
                0x10004140                dadd_shim
 .text.dmul_shim
                0x1000429c      0x15c CMakeFiles/barrier.dir/root/raspberry-pi-pico/pico/pico-sdk/src/rp2_common/pico_double/double_v1_rom_shim.S.obj
                0x1000429c                dmul_shim
 .text.ddiv_shim
                0x100043f8      0x1b0 CMakeFiles/barrier.dir/root/raspberry-pi-pico/pico/pico-sdk/src/rp2_common/pico_double/double_v1_rom_shim.S.obj
                0x100043f8                ddiv_shim
 .text.double2uint_shim
                0x100045a8        0xe CMakeFiles/barrier.dir/root/raspberry-pi-pico/pico/pico-sdk/src/rp2_common/pico_double/double_v1_rom_shim.S.obj
                0x100045a8                double2uint_shim
                0x100045aa                double2ufix_shim
 .text.double2int64_shim
                0x100045b6       0x1a CMakeFiles/barrier.dir/root/raspberry-pi-pico/pico/pico-sdk/src/rp2_common/pico_double/double_v1_rom_shim.S.obj
                0x100045b6                double2int64_shim
                0x100045b8                double2fix64_shim
 .text.double2uint64_shim
                0x100045d0       0x70 CMakeFiles/barrier.dir/root/raspberry-pi-pico/pico/pico-sdk/src/rp2_common/pico_double/double_v1_rom_shim.S.obj
                0x100045d0                double2uint64_shim
                0x100045d2                double2ufix64_shim
                0x100045f2                d2fix_a
 .text.double2float_shim
                0x10004640       0x5c CMakeFiles/barrier.dir/root/raspberry-pi-pico/pico/pico-sdk/src/rp2_common/pico_double/double_v1_rom_shim.S.obj
                0x10004640                double2float_shim
 .text.x2double_shims
                0x1000469c       0x90 CMakeFiles/barrier.dir/root/raspberry-pi-pico/pico/pico-sdk/src/rp2_common/pico_double/double_v1_rom_shim.S.obj
                0x1000469c                uint2double_shim
                0x1000469e                ufix2double_shim
                0x100046a4                int2double_shim
                0x100046a6                fix2double_shim
                0x100046ac                uint642double_shim
                0x100046ae                ufix642double_shim
                0x100046b4                int642double_shim
                0x100046b6                fix642double_shim
 .text.dunpacks
                0x1000472c       0x3c CMakeFiles/barrier.dir/root/raspberry-pi-pico/pico/pico-sdk/src/rp2_common/pico_double/double_v1_rom_shim.S.obj
                0x1000472c                dunpacks
 .text.__aeabi_lmul
                0x10004768       0x32 CMakeFiles/barrier.dir/root/raspberry-pi-pico/pico/pico-sdk/src/rp2_common/pico_int64_ops/pico_int64_ops_aeabi.S.obj
                0x10004768                __wrap___aeabi_lmul
 *fill*         0x1000479a        0x2 
 .text.__wrap___aeabi_cfcmple
                0x1000479c       0x50 CMakeFiles/barrier.dir/root/raspberry-pi-pico/pico/pico-sdk/src/rp2_common/pico_float/float_aeabi.S.obj
                0x1000479c                __wrap___aeabi_cfrcmple
                0x100047a8                __wrap___aeabi_cfcmpeq
                0x100047a8                __wrap___aeabi_cfcmple
 .text.__wrap___aeabi_fcmple
                0x100047ec       0x10 CMakeFiles/barrier.dir/root/raspberry-pi-pico/pico/pico-sdk/src/rp2_common/pico_float/float_aeabi.S.obj
                0x100047ec                __wrap___aeabi_fcmple
 .text.__wrap___aeabi_fcmpun
                0x100047fc       0x18 CMakeFiles/barrier.dir/root/raspberry-pi-pico/pico/pico-sdk/src/rp2_common/pico_float/float_aeabi.S.obj
                0x100047fc                __wrap___aeabi_fcmpun
 .text.__aeabi_float_init
                0x10004814       0x68 CMakeFiles/barrier.dir/root/raspberry-pi-pico/pico/pico-sdk/src/rp2_common/pico_float/float_init_rom.c.obj
                0x10004814                __aeabi_float_init
 .text.float_table_shim_on_use_helper
                0x1000487c       0x2c CMakeFiles/barrier.dir/root/raspberry-pi-pico/pico/pico-sdk/src/rp2_common/pico_float/float_v1_rom_shim.S.obj
                0x1000487c                float_table_shim_on_use_helper
 .text          0x100048a8       0x10 CMakeFiles/barrier.dir/root/raspberry-pi-pico/pico/pico-sdk/src/rp2_common/pico_mem_ops/mem_ops_aeabi.S.obj
                0x100048a8                __aeabi_mem_init
 .text.memset   0x100048b8        0xc CMakeFiles/barrier.dir/root/raspberry-pi-pico/pico/pico-sdk/src/rp2_common/pico_mem_ops/mem_ops_aeabi.S.obj
                0x100048b8                __wrap_memset
 .text.memcpy   0x100048c4        0xc CMakeFiles/barrier.dir/root/raspberry-pi-pico/pico/pico-sdk/src/rp2_common/pico_mem_ops/mem_ops_aeabi.S.obj
                0x100048c4                __wrap___aeabi_memcpy
                0x100048c4                __wrap_memcpy
 .text.stdio_out_chars_no_crlf
                0x100048d0       0x10 CMakeFiles/barrier.dir/root/raspberry-pi-pico/pico/pico-sdk/src/rp2_common/pico_stdio/stdio.c.obj
 .text.stdio_out_chars_crlf
                0x100048e0       0xac CMakeFiles/barrier.dir/root/raspberry-pi-pico/pico/pico-sdk/src/rp2_common/pico_stdio/stdio.c.obj
 .text.stdio_stack_buffer_flush.part.1
                0x1000498c       0xe8 CMakeFiles/barrier.dir/root/raspberry-pi-pico/pico/pico-sdk/src/rp2_common/pico_stdio/stdio.c.obj
 .text.stdio_buffered_printer
                0x10004a74       0x20 CMakeFiles/barrier.dir/root/raspberry-pi-pico/pico/pico-sdk/src/rp2_common/pico_stdio/stdio.c.obj
 .text.stdio_put_string
                0x10004a94       0xf8 CMakeFiles/barrier.dir/root/raspberry-pi-pico/pico/pico-sdk/src/rp2_common/pico_stdio/stdio.c.obj
 .text.__wrap_putchar
                0x10004b8c       0xa4 CMakeFiles/barrier.dir/root/raspberry-pi-pico/pico/pico-sdk/src/rp2_common/pico_stdio/stdio.c.obj
                0x10004b8c                __wrap_putchar
 .text.__wrap_puts
                0x10004c30       0x3c CMakeFiles/barrier.dir/root/raspberry-pi-pico/pico/pico-sdk/src/rp2_common/pico_stdio/stdio.c.obj
                0x10004c30                __wrap_puts
 .text._read    0x10004c6c       0x94 CMakeFiles/barrier.dir/root/raspberry-pi-pico/pico/pico-sdk/src/rp2_common/pico_stdio/stdio.c.obj
                0x10004c6c                _read
 .text._write   0x10004d00       0x24 CMakeFiles/barrier.dir/root/raspberry-pi-pico/pico/pico-sdk/src/rp2_common/pico_stdio/stdio.c.obj
                0x10004d00                _write
 .text.stdio_set_driver_enabled
                0x10004d24       0x30 CMakeFiles/barrier.dir/root/raspberry-pi-pico/pico/pico-sdk/src/rp2_common/pico_stdio/stdio.c.obj
                0x10004d24                stdio_set_driver_enabled
 .text.__wrap_vprintf
                0x10004d54       0x98 CMakeFiles/barrier.dir/root/raspberry-pi-pico/pico/pico-sdk/src/rp2_common/pico_stdio/stdio.c.obj
                0x10004d54                __wrap_vprintf
 .text.__wrap_printf
                0x10004dec       0x18 CMakeFiles/barrier.dir/root/raspberry-pi-pico/pico/pico-sdk/src/rp2_common/pico_stdio/stdio.c.obj
                0x10004dec                __wrap_printf
 .text.stdio_init_all
                0x10004e04        0x8 CMakeFiles/barrier.dir/root/raspberry-pi-pico/pico/pico-sdk/src/rp2_common/pico_stdio/stdio.c.obj
                0x10004e04                stdio_init_all
 .text.stdio_uart_out_chars
                0x10004e0c       0x4c CMakeFiles/barrier.dir/root/raspberry-pi-pico/pico/pico-sdk/src/rp2_common/pico_stdio_uart/stdio_uart.c.obj
 .text.stdio_uart_in_chars
                0x10004e58       0x3c CMakeFiles/barrier.dir/root/raspberry-pi-pico/pico/pico-sdk/src/rp2_common/pico_stdio_uart/stdio_uart.c.obj
                0x10004e58                stdio_uart_in_chars
 .text.stdio_uart_init
                0x10004e94       0x48 CMakeFiles/barrier.dir/root/raspberry-pi-pico/pico/pico-sdk/src/rp2_common/pico_stdio_uart/stdio_uart.c.obj
                0x10004e94                stdio_uart_init
 .text          0x10004edc       0x5c /usr/lib/gcc/arm-none-eabi/8.3.1/../../../arm-none-eabi/lib/thumb/v6-m/nofp/libc.a(lib_a-callocr.o)
                0x10004edc                _calloc_r
 .text          0x10004f38      0x58c /usr/lib/gcc/arm-none-eabi/8.3.1/../../../arm-none-eabi/lib/thumb/v6-m/nofp/libc.a(lib_a-mallocr.o)
                0x10004f38                _malloc_r
 .text          0x100054c4        0x8 /usr/lib/gcc/arm-none-eabi/8.3.1/../../../arm-none-eabi/lib/thumb/v6-m/nofp/libc.a(lib_a-mlock.o)
                0x100054c4                __malloc_lock
                0x100054c8                __malloc_unlock
 .text          0x100054cc      0x35c /usr/lib/gcc/arm-none-eabi/8.3.1/../../../arm-none-eabi/lib/thumb/v6-m/nofp/libc.a(lib_a-reallocr.o)
                0x100054cc                _realloc_r
 .text          0x10005828       0x24 /usr/lib/gcc/arm-none-eabi/8.3.1/../../../arm-none-eabi/lib/thumb/v6-m/nofp/libc.a(lib_a-sbrkr.o)
                0x10005828                _sbrk_r
 .text          0x1000584c       0x40 /usr/lib/gcc/arm-none-eabi/8.3.1/../../../arm-none-eabi/lib/thumb/v6-m/nofp/libc.a(lib_a-scanf.o)
                0x1000584c                scanf
                0x10005870                _scanf_r
 .text          0x1000588c       0x88 /usr/lib/gcc/arm-none-eabi/8.3.1/../../../arm-none-eabi/lib/thumb/v6-m/nofp/libc.a(lib_a-strcmp.o)
                0x1000588c                strcmp
 .text          0x10005914       0x68 /usr/lib/gcc/arm-none-eabi/8.3.1/../../../arm-none-eabi/lib/thumb/v6-m/nofp/libc.a(lib_a-strlen-stub.o)
                0x10005914                strlen
 .text          0x1000597c      0xfec /usr/lib/gcc/arm-none-eabi/8.3.1/../../../arm-none-eabi/lib/thumb/v6-m/nofp/libc.a(lib_a-vfscanf.o)
                0x1000597c                __svfscanf_r
                0x100068f8                vfscanf
                0x10006928                __svfscanf
                0x10006940                _vfscanf_r
 .text          0x10006968      0x220 /usr/lib/gcc/arm-none-eabi/8.3.1/../../../arm-none-eabi/lib/thumb/v6-m/nofp/libc.a(lib_a-findfp.o)
                0x1000696c                _cleanup_r
                0x10006a68                __sfmoreglue
                0x10006a98                __sfp
                0x10006b20                _cleanup
                0x10006b38                __sinit
                0x10006b48                __sfp_lock_acquire
                0x10006b4c                __sfp_lock_release
                0x10006b50                __sinit_lock_acquire
                0x10006b54                __sinit_lock_release
                0x10006b58                __fp_lock_all
                0x10006b70                __fp_unlock_all
 .text          0x10006b88      0x19c /usr/lib/gcc/arm-none-eabi/8.3.1/../../../arm-none-eabi/lib/thumb/v6-m/nofp/libc.a(lib_a-fread.o)
                0x10006b88                _fread_r
                0x10006d04                fread
 .text          0x10006d24      0x27c /usr/lib/gcc/arm-none-eabi/8.3.1/../../../arm-none-eabi/lib/thumb/v6-m/nofp/libc.a(lib_a-freer.o)
                0x10006d24                _malloc_trim_r
                0x10006dc4                _free_r
 .text          0x10006fa0       0x90 /usr/lib/gcc/arm-none-eabi/8.3.1/../../../arm-none-eabi/lib/thumb/v6-m/nofp/libc.a(lib_a-fwalk.o)
                0x10006fa0                _fwalk
                0x10006fe4                _fwalk_reent
 .text          0x10007030        0xc /usr/lib/gcc/arm-none-eabi/8.3.1/../../../arm-none-eabi/lib/thumb/v6-m/nofp/libc.a(lib_a-iswspace.o)
                0x10007030                iswspace
 .text          0x1000703c       0x18 /usr/lib/gcc/arm-none-eabi/8.3.1/../../../arm-none-eabi/lib/thumb/v6-m/nofp/libc.a(lib_a-iswspace_l.o)
                0x1000703c                iswspace_l
 .text          0x10007054       0x6c /usr/lib/gcc/arm-none-eabi/8.3.1/../../../arm-none-eabi/lib/thumb/v6-m/nofp/libc.a(lib_a-locale.o)
                0x10007054                _setlocale_r
                0x10007098                __locale_mb_cur_max
                0x100070a8                setlocale
 .text          0x100070c0       0x14 /usr/lib/gcc/arm-none-eabi/8.3.1/../../../arm-none-eabi/lib/thumb/v6-m/nofp/libc.a(lib_a-localeconv.o)
                0x100070c0                __localeconv_l
                0x100070c4                _localeconv_r
                0x100070cc                localeconv
 .text          0x100070d4       0x94 /usr/lib/gcc/arm-none-eabi/8.3.1/../../../arm-none-eabi/lib/thumb/v6-m/nofp/libc.a(lib_a-mbrtowc.o)
                0x100070d4                _mbrtowc_r
                0x1000711c                mbrtowc
 .text          0x10007168       0x44 /usr/lib/gcc/arm-none-eabi/8.3.1/../../../arm-none-eabi/lib/thumb/v6-m/nofp/libc.a(lib_a-mbtowc_r.o)
                0x10007168                _mbtowc_r
                0x10007180                __ascii_mbtowc
 .text          0x100071ac      0x140 /usr/lib/gcc/arm-none-eabi/8.3.1/../../../arm-none-eabi/lib/thumb/v6-m/nofp/libc.a(lib_a-refill.o)
                0x100071c8                __srefill_r
 .text          0x100072ec       0x6c /usr/lib/gcc/arm-none-eabi/8.3.1/../../../arm-none-eabi/lib/thumb/v6-m/nofp/libc.a(lib_a-sccl.o)
                0x100072ec                __sccl
 .text          0x10007358        0x8 /usr/lib/gcc/arm-none-eabi/8.3.1/../../../arm-none-eabi/lib/thumb/v6-m/nofp/libc.a(lib_a-sf_nan.o)
                0x10007358                nanf
 .text          0x10007360       0xa4 /usr/lib/gcc/arm-none-eabi/8.3.1/../../../arm-none-eabi/lib/thumb/v6-m/nofp/libc.a(lib_a-stdio.o)
                0x10007360                __sread
                0x10007388                __seofread
                0x1000738c                __swrite
                0x100073cc                __sseek
                0x100073f8                __sclose
 .text          0x10007404     0x10b8 /usr/lib/gcc/arm-none-eabi/8.3.1/../../../arm-none-eabi/lib/thumb/v6-m/nofp/libc.a(lib_a-strtod.o)
                0x10007434                _strtod_l
                0x10008314                _strtod_r
                0x10008324                strtod_l
                0x1000833c                strtod
                0x10008358                strtof_l
                0x10008408                strtof
 .text          0x100084bc      0x184 /usr/lib/gcc/arm-none-eabi/8.3.1/../../../arm-none-eabi/lib/thumb/v6-m/nofp/libc.a(lib_a-strtol.o)
                0x10008608                _strtol_r
                0x10008610                strtol_l
                0x10008628                strtol
 .text          0x10008640      0x1d8 /usr/lib/gcc/arm-none-eabi/8.3.1/../../../arm-none-eabi/lib/thumb/v6-m/nofp/libc.a(lib_a-strtoll.o)
                0x100087e0                _strtoll_r
                0x100087e8                strtoll_l
                0x10008800                strtoll
 .text          0x10008818      0x180 /usr/lib/gcc/arm-none-eabi/8.3.1/../../../arm-none-eabi/lib/thumb/v6-m/nofp/libc.a(lib_a-strtoul.o)
                0x10008960                _strtoul_r
                0x10008968                strtoul_l
                0x10008980                strtoul
 .text          0x10008998      0x1f4 /usr/lib/gcc/arm-none-eabi/8.3.1/../../../arm-none-eabi/lib/thumb/v6-m/nofp/libc.a(lib_a-strtoull.o)
                0x10008b54                _strtoull_r
                0x10008b5c                strtoull_l
                0x10008b74                strtoull
 .text          0x10008b8c      0x184 /usr/lib/gcc/arm-none-eabi/8.3.1/../../../arm-none-eabi/lib/thumb/v6-m/nofp/libc.a(lib_a-ungetc.o)
                0x10008b8c                __submore
                0x10008c10                _ungetc_r
                0x10008cf8                ungetc
 .text          0x10008d10       0x2c /usr/lib/gcc/arm-none-eabi/8.3.1/../../../arm-none-eabi/lib/thumb/v6-m/nofp/libc.a(lib_a-wctomb_r.o)
                0x10008d10                _wctomb_r
                0x10008d20                __ascii_wctomb
 .text          0x10008d3c       0x28 /usr/lib/gcc/arm-none-eabi/8.3.1/../../../arm-none-eabi/lib/thumb/v6-m/nofp/libc.a(lib_a-writer.o)
                0x10008d3c                _write_r
 .text          0x10008d64       0x24 /usr/lib/gcc/arm-none-eabi/8.3.1/../../../arm-none-eabi/lib/thumb/v6-m/nofp/libc.a(lib_a-closer.o)
                0x10008d64                _close_r
 .text          0x10008d88        0xc /usr/lib/gcc/arm-none-eabi/8.3.1/../../../arm-none-eabi/lib/thumb/v6-m/nofp/libc.a(lib_a-errno.o)
                0x10008d88                __errno
 .text          0x10008d94       0xac /usr/lib/gcc/arm-none-eabi/8.3.1/../../../arm-none-eabi/lib/thumb/v6-m/nofp/libc.a(lib_a-fclose.o)
                0x10008d94                _fclose_r
                0x10008e2c                fclose
 .text          0x10008e40      0x1b4 /usr/lib/gcc/arm-none-eabi/8.3.1/../../../arm-none-eabi/lib/thumb/v6-m/nofp/libc.a(lib_a-fflush.o)
                0x10008e40                __sflush_r
                0x10008fa0                _fflush_r
                0x10008fcc                fflush
 .text          0x10008ff4      0x634 /usr/lib/gcc/arm-none-eabi/8.3.1/../../../arm-none-eabi/lib/thumb/v6-m/nofp/libc.a(lib_a-gdtoa-gethex.o)
                0x10009098                __gethex
 .text          0x10009628      0x1d8 /usr/lib/gcc/arm-none-eabi/8.3.1/../../../arm-none-eabi/lib/thumb/v6-m/nofp/libc.a(lib_a-gdtoa-hexnan.o)
                0x10009628                __match
                0x10009654                __hexnan
 .text          0x10009800       0x28 /usr/lib/gcc/arm-none-eabi/8.3.1/../../../arm-none-eabi/lib/thumb/v6-m/nofp/libc.a(lib_a-lseekr.o)
                0x10009800                _lseek_r
 .text          0x10009828       0xf0 /usr/lib/gcc/arm-none-eabi/8.3.1/../../../arm-none-eabi/lib/thumb/v6-m/nofp/libc.a(lib_a-makebuf.o)
                0x10009828                __swhatbuf_r
                0x10009888                __smakebuf_r
 .text          0x10009918      0xa38 /usr/lib/gcc/arm-none-eabi/8.3.1/../../../arm-none-eabi/lib/thumb/v6-m/nofp/libc.a(lib_a-mprec.o)
                0x10009918                _Balloc
                0x10009968                _Bfree
                0x1000997c                __multadd
                0x10009a2c                __s2b
                0x10009ad8                __hi0bits
                0x10009b10                __lo0bits
                0x10009b6c                __i2b
                0x10009b98                __multiply
                0x10009d24                __pow5mult
                0x10009dd8                __lshift
                0x10009ebc                __mcmp
                0x10009ef0                __mdiff
                0x1000a038                __ulp
                0x1000a080                __b2d
                0x1000a138                __d2b
                0x1000a210                __ratio
                0x1000a284                _mprec_log10
                0x1000a2b8                __copybits
                0x1000a2f8                __any_on
 .text          0x1000a350       0x28 /usr/lib/gcc/arm-none-eabi/8.3.1/../../../arm-none-eabi/lib/thumb/v6-m/nofp/libc.a(lib_a-readr.o)
                0x1000a350                _read_r
 .text          0x1000a378        0xc /usr/lib/gcc/arm-none-eabi/8.3.1/../../../arm-none-eabi/lib/thumb/v6-m/nofp/libc.a(lib_a-s_nan.o)
                0x1000a378                nan
 .text          0x1000a384       0x94 /usr/lib/gcc/arm-none-eabi/8.3.1/../../../arm-none-eabi/lib/thumb/v6-m/nofp/libc.a(lib_a-strncmp.o)
                0x1000a384                strncmp
 .text          0x1000a418       0x28 /usr/lib/gcc/arm-none-eabi/8.3.1/../../../arm-none-eabi/lib/thumb/v6-m/nofp/libc.a(lib_a-fstatr.o)
                0x1000a418                _fstat_r
 .text          0x1000a440       0x24 /usr/lib/gcc/arm-none-eabi/8.3.1/../../../arm-none-eabi/lib/thumb/v6-m/nofp/libc.a(lib_a-isattyr.o)
                0x1000a440                _isatty_r
 .text          0x1000a464       0x10 /usr/lib/gcc/arm-none-eabi/8.3.1/../../../arm-none-eabi/lib/thumb/v6-m/nofp/libnosys.a(close.o)
                0x1000a464                _close
 .text          0x1000a474       0x10 /usr/lib/gcc/arm-none-eabi/8.3.1/../../../arm-none-eabi/lib/thumb/v6-m/nofp/libnosys.a(fstat.o)
                0x1000a474                _fstat
 .text          0x1000a484       0x10 /usr/lib/gcc/arm-none-eabi/8.3.1/../../../arm-none-eabi/lib/thumb/v6-m/nofp/libnosys.a(isatty.o)
                0x1000a484                _isatty
 .text          0x1000a494       0x10 /usr/lib/gcc/arm-none-eabi/8.3.1/../../../arm-none-eabi/lib/thumb/v6-m/nofp/libnosys.a(lseek.o)
                0x1000a494                _lseek
 *(.fini)
 .fini          0x1000a4a4        0x4 /usr/lib/gcc/arm-none-eabi/8.3.1/thumb/v6-m/nofp/crti.o
                0x1000a4a4                _fini
 .fini.__stub   0x1000a4a8       0x60 linker stubs
 *crtbegin.o(.ctors)
 *crtbegin?.o(.ctors)
 *(EXCLUDE_FILE(*crtend.o *crtend?.o) .ctors)
 *(SORT_BY_NAME(.ctors.*))
 *(.ctors)
 *crtbegin.o(.dtors)
 *crtbegin?.o(.dtors)
 *(EXCLUDE_FILE(*crtend.o *crtend?.o) .dtors)
 *(SORT_BY_NAME(.dtors.*))
 *(.dtors)
 *(.eh_frame*)
 .eh_frame      0x1000a508        0x0 /usr/lib/gcc/arm-none-eabi/8.3.1/thumb/v6-m/nofp/crtbegin.o
                0x1000a508                . = ALIGN (0x4)

.glue_7         0x1000a508        0x0
 .glue_7        0x1000a508        0x0 linker stubs

.glue_7t        0x1000a508        0x0
 .glue_7t       0x1000a508        0x0 linker stubs

.vfp11_veneer   0x1000a508        0x0
 .vfp11_veneer  0x1000a508        0x0 linker stubs

.v4_bx          0x1000a508        0x0
 .v4_bx         0x1000a508        0x0 linker stubs

.iplt           0x1000a508        0x0
 .iplt          0x1000a508        0x0 /usr/lib/gcc/arm-none-eabi/8.3.1/thumb/v6-m/nofp/crtbegin.o

.rodata         0x1000a508      0xe3c
 *(EXCLUDE_FILE(*libm.a: *libc.a:*lib_a-mem*.o *libgcc.a:) .rodata*)
 .rodata.main.str1.4
                0x1000a508       0x94 CMakeFiles/barrier.dir/barrier.c.obj
                                 0x9c (size before relaxing)
 .rodata.showMenu.str1.4
                0x1000a59c      0x13b CMakeFiles/barrier.dir/barrier.c.obj
 *fill*         0x1000a6d7        0x1 
 .rodata.at_the_end_of_time
                0x1000a6d8        0x8 CMakeFiles/barrier.dir/root/raspberry-pi-pico/pico/pico-sdk/src/common/pico_time/time.c.obj
                0x1000a6d8                at_the_end_of_time
 .rodata.hardware_alarm_claim.str1.4
                0x1000a6e0       0x22 CMakeFiles/barrier.dir/root/raspberry-pi-pico/pico/pico-sdk/src/rp2_common/hardware_timer/timer.c.obj
 *fill*         0x1000a702        0x2 
 .rodata.__assert_func.str1.4
                0x1000a704       0x3f CMakeFiles/barrier.dir/root/raspberry-pi-pico/pico/pico-sdk/src/rp2_common/pico_runtime/runtime.c.obj
                                 0x43 (size before relaxing)
 *fill*         0x1000a743        0x1 
 .rodata.hard_assertion_failure.str1.4
                0x1000a744        0xc CMakeFiles/barrier.dir/root/raspberry-pi-pico/pico/pico-sdk/src/rp2_common/pico_runtime/runtime.c.obj
 .rodata.panic.str1.4
                0x1000a750       0x10 CMakeFiles/barrier.dir/root/raspberry-pi-pico/pico/pico-sdk/src/rp2_common/pico_runtime/runtime.c.obj
                                 0x12 (size before relaxing)
 .rodata._vsnprintf
                0x1000a760      0x1e0 CMakeFiles/barrier.dir/root/raspberry-pi-pico/pico/pico-sdk/src/rp2_common/pico_printf/printf.c.obj
 .rodata._ftoa.str1.4
                0x1000a940       0x15 CMakeFiles/barrier.dir/root/raspberry-pi-pico/pico/pico-sdk/src/rp2_common/pico_printf/printf.c.obj
 *fill*         0x1000a955        0x3 
 .rodata.pow10.5494
                0x1000a958       0x50 CMakeFiles/barrier.dir/root/raspberry-pi-pico/pico/pico-sdk/src/rp2_common/pico_printf/printf.c.obj
 .rodata.__bi_44
                0x1000a9a8        0xc CMakeFiles/barrier.dir/root/raspberry-pi-pico/pico/pico-sdk/src/rp2_common/pico_standard_link/binary_info.c.obj
 .rodata.__bi_75
                0x1000a9b4        0xc CMakeFiles/barrier.dir/root/raspberry-pi-pico/pico/pico-sdk/src/rp2_common/pico_standard_link/binary_info.c.obj
 .rodata.__bi_81
                0x1000a9c0        0xc CMakeFiles/barrier.dir/root/raspberry-pi-pico/pico/pico-sdk/src/rp2_common/pico_standard_link/binary_info.c.obj
 .rodata.str1.4
                0x1000a9cc       0x3c CMakeFiles/barrier.dir/root/raspberry-pi-pico/pico/pico-sdk/src/rp2_common/pico_standard_link/binary_info.c.obj
 .rodata.crlf_str.6110
                0x1000aa08        0x2 CMakeFiles/barrier.dir/root/raspberry-pi-pico/pico/pico-sdk/src/rp2_common/pico_stdio/stdio.c.obj
 *fill*         0x1000aa0a        0x2 
 .rodata.__bi_28.4909
                0x1000aa0c        0xc CMakeFiles/barrier.dir/root/raspberry-pi-pico/pico/pico-sdk/src/rp2_common/pico_stdio_uart/stdio_uart.c.obj
 .rodata.__bi_29.4913
                0x1000aa18        0x8 CMakeFiles/barrier.dir/root/raspberry-pi-pico/pico/pico-sdk/src/rp2_common/pico_stdio_uart/stdio_uart.c.obj
 .rodata.str1.4
                0x1000aa20       0x2c CMakeFiles/barrier.dir/root/raspberry-pi-pico/pico/pico-sdk/src/rp2_common/pico_stdio_uart/stdio_uart.c.obj
 .rodata        0x1000aa4c        0x4 /usr/lib/gcc/arm-none-eabi/8.3.1/../../../arm-none-eabi/lib/thumb/v6-m/nofp/libc.a(lib_a-impure.o)
                0x1000aa4c                _global_impure_ptr
 .rodata        0x1000aa50      0x3e6 /usr/lib/gcc/arm-none-eabi/8.3.1/../../../arm-none-eabi/lib/thumb/v6-m/nofp/libc.a(lib_a-vfscanf.o)
 *fill*         0x1000ae36        0x2 
 .rodata.str1.4
                0x1000ae38        0x5 /usr/lib/gcc/arm-none-eabi/8.3.1/../../../arm-none-eabi/lib/thumb/v6-m/nofp/libc.a(lib_a-vfscanf.o)
                                  0x9 (size before relaxing)
 *fill*         0x1000ae3d        0x3 
 .rodata        0x1000ae40      0x101 /usr/lib/gcc/arm-none-eabi/8.3.1/../../../arm-none-eabi/lib/thumb/v6-m/nofp/libc.a(lib_a-ctype_.o)
                0x1000ae40                _ctype_
 *fill*         0x1000af41        0x3 
 .rodata.str1.4
                0x1000af44        0xe /usr/lib/gcc/arm-none-eabi/8.3.1/../../../arm-none-eabi/lib/thumb/v6-m/nofp/libc.a(lib_a-locale.o)
                                 0x12 (size before relaxing)
 .rodata.str1.4
                0x1000af52        0x1 /usr/lib/gcc/arm-none-eabi/8.3.1/../../../arm-none-eabi/lib/thumb/v6-m/nofp/libc.a(lib_a-mbrtowc.o)
 *fill*         0x1000af52        0x6 
 .rodata        0x1000af58      0x120 /usr/lib/gcc/arm-none-eabi/8.3.1/../../../arm-none-eabi/lib/thumb/v6-m/nofp/libc.a(lib_a-strtod.o)
 .rodata.str1.4
                0x1000b078        0xf /usr/lib/gcc/arm-none-eabi/8.3.1/../../../arm-none-eabi/lib/thumb/v6-m/nofp/libc.a(lib_a-strtod.o)
                                 0x11 (size before relaxing)
 *fill*         0x1000b087        0x1 
 .rodata        0x1000b088      0x100 /usr/lib/gcc/arm-none-eabi/8.3.1/../../../arm-none-eabi/lib/thumb/v6-m/nofp/libc.a(lib_a-gdtoa-gethex.o)
                0x1000b088                __hexdig
 .rodata.str1.4
                0x1000b188       0x4e /usr/lib/gcc/arm-none-eabi/8.3.1/../../../arm-none-eabi/lib/thumb/v6-m/nofp/libc.a(lib_a-gdtoa-gethex.o)
 *fill*         0x1000b1d6        0x2 
 .rodata        0x1000b1d8        0xc /usr/lib/gcc/arm-none-eabi/8.3.1/../../../arm-none-eabi/lib/thumb/v6-m/nofp/libc.a(lib_a-lnumeric.o)
                0x1000b1d8                _C_numeric_locale
 .rodata.str1.4
                0x1000b1e4        0x5 /usr/lib/gcc/arm-none-eabi/8.3.1/../../../arm-none-eabi/lib/thumb/v6-m/nofp/libc.a(lib_a-lnumeric.o)
 *fill*         0x1000b1e4        0x4 
 .rodata        0x1000b1e8      0x128 /usr/lib/gcc/arm-none-eabi/8.3.1/../../../arm-none-eabi/lib/thumb/v6-m/nofp/libc.a(lib_a-mprec.o)
                0x1000b1f8                __mprec_tinytens
                0x1000b220                __mprec_bigtens
                0x1000b248                __mprec_tens
 .rodata.str1.4
                0x1000b310       0x33 /usr/lib/gcc/arm-none-eabi/8.3.1/../../../arm-none-eabi/lib/thumb/v6-m/nofp/libc.a(lib_a-mprec.o)
                                 0x47 (size before relaxing)
                0x1000b344                . = ALIGN (0x4)
 *fill*         0x1000b343        0x1 
 *(SORT_BY_ALIGNMENT(SORT_BY_NAME(.flashdata*)))
                0x1000b344                . = ALIGN (0x4)

.rel.dyn        0x1000b344        0x0
 .rel.iplt      0x1000b344        0x0 /usr/lib/gcc/arm-none-eabi/8.3.1/thumb/v6-m/nofp/crtbegin.o

.ARM.extab
 *(.ARM.extab* .gnu.linkonce.armextab.*)
                0x1000b344                __exidx_start = .

.ARM.exidx
 *(.ARM.exidx* .gnu.linkonce.armexidx.*)
                0x1000b344                __exidx_end = .
                0x1000b344                . = ALIGN (0x4)
                0x1000b344                __binary_info_start = .

.binary_info    0x1000b344       0x24
 *(.binary_info.keep.*)
 .binary_info.keep.__bi_ptr22
                0x1000b344        0x4 CMakeFiles/barrier.dir/root/raspberry-pi-pico/pico/pico-sdk/src/rp2_common/pico_standard_link/binary_info.c.obj
 .binary_info.keep.__bi_ptr30
                0x1000b348        0x4 CMakeFiles/barrier.dir/root/raspberry-pi-pico/pico/pico-sdk/src/rp2_common/pico_standard_link/binary_info.c.obj
 .binary_info.keep.__bi_ptr38
                0x1000b34c        0x4 CMakeFiles/barrier.dir/root/raspberry-pi-pico/pico/pico-sdk/src/rp2_common/pico_standard_link/binary_info.c.obj
 .binary_info.keep.__bi_ptr44
                0x1000b350        0x4 CMakeFiles/barrier.dir/root/raspberry-pi-pico/pico/pico-sdk/src/rp2_common/pico_standard_link/binary_info.c.obj
 .binary_info.keep.__bi_ptr50
                0x1000b354        0x4 CMakeFiles/barrier.dir/root/raspberry-pi-pico/pico/pico-sdk/src/rp2_common/pico_standard_link/binary_info.c.obj
 .binary_info.keep.__bi_ptr75
                0x1000b358        0x4 CMakeFiles/barrier.dir/root/raspberry-pi-pico/pico/pico-sdk/src/rp2_common/pico_standard_link/binary_info.c.obj
 .binary_info.keep.__bi_ptr81
                0x1000b35c        0x4 CMakeFiles/barrier.dir/root/raspberry-pi-pico/pico/pico-sdk/src/rp2_common/pico_standard_link/binary_info.c.obj
 *(.binary_info.*)
 .binary_info.__bi_ptr28
                0x1000b360        0x4 CMakeFiles/barrier.dir/root/raspberry-pi-pico/pico/pico-sdk/src/rp2_common/pico_stdio_uart/stdio_uart.c.obj
 .binary_info.__bi_ptr29
                0x1000b364        0x4 CMakeFiles/barrier.dir/root/raspberry-pi-pico/pico/pico-sdk/src/rp2_common/pico_stdio_uart/stdio_uart.c.obj
                0x1000b368                __binary_info_end = .
                0x1000b368                . = ALIGN (0x4)
                0x1000b368                __etext = .

.ram_vector_table
                0x20000000       0xc0
 *(.ram_vector_table)
 .ram_vector_table
                0x20000000       0xc0 CMakeFiles/barrier.dir/root/raspberry-pi-pico/pico/pico-sdk/src/rp2_common/pico_runtime/runtime.c.obj
                0x20000000                ram_vector_table

.data           0x200000c0      0xbf4 load address 0x1000b368
                0x200000c0                __data_start__ = .
 *(vtable)
 *(.time_critical*)
 .time_critical.mutex_enter_blocking
                0x200000c0       0x48 CMakeFiles/barrier.dir/root/raspberry-pi-pico/pico/pico-sdk/src/common/pico_sync/mutex.c.obj
                0x200000c0                mutex_enter_blocking
 .time_critical.mutex_try_enter
                0x20000108       0x48 CMakeFiles/barrier.dir/root/raspberry-pi-pico/pico/pico-sdk/src/common/pico_sync/mutex.c.obj
                0x20000108                mutex_try_enter
 .time_critical.mutex_exit
                0x20000150       0x28 CMakeFiles/barrier.dir/root/raspberry-pi-pico/pico/pico-sdk/src/common/pico_sync/mutex.c.obj
                0x20000150                mutex_exit
 *(.text*)
 .text          0x20000178        0x4 /usr/lib/gcc/arm-none-eabi/8.3.1/thumb/v6-m/nofp/libgcc.a(_dvmd_tls.o)
                0x20000178                __aeabi_ldiv0
                0x20000178                __aeabi_idiv0
 .text          0x2000017c       0xbc /usr/lib/gcc/arm-none-eabi/8.3.1/../../../arm-none-eabi/lib/thumb/v6-m/nofp/libc.a(lib_a-memmove.o)
                0x2000017c                memmove
                0x20000238                . = ALIGN (0x4)
 *(.rodata*)
                0x20000238                . = ALIGN (0x4)
 *(.data*)
 .data.striped_spin_lock_num
                0x20000238        0x1 CMakeFiles/barrier.dir/root/raspberry-pi-pico/pico/pico-sdk/src/rp2_common/hardware_sync/sync.c.obj
 *fill*         0x20000239        0x3 
 .data          0x2000023c       0x48 CMakeFiles/barrier.dir/root/raspberry-pi-pico/pico/pico-sdk/src/rp2_common/hardware_irq/irq_handler_chain.S.obj
                0x2000023c                irq_handler_chain_slots
                0x2000026c                irq_handler_chain_first_slot
                0x20000276                irq_handler_chain_remove_tail
 .data.default_alarm_pool
                0x20000284       0x18 CMakeFiles/barrier.dir/root/raspberry-pi-pico/pico/pico-sdk/src/common/pico_time/time.c.obj
 .data.default_alarm_pool_heap
                0x2000029c       0x10 CMakeFiles/barrier.dir/root/raspberry-pi-pico/pico/pico-sdk/src/common/pico_time/time.c.obj
 *fill*         0x200002ac        0x4 
 .data.aeabi_bits_funcs
                0x200002b0       0x10 CMakeFiles/barrier.dir/root/raspberry-pi-pico/pico/pico-sdk/src/rp2_common/pico_bit_ops/bit_ops_aeabi.S.obj
                0x200002b0                aeabi_bits_funcs
                0x200002c0                aeabi_bits_funcs_end
 .data.aeabi_mem_funcs
                0x200002c0       0x10 CMakeFiles/barrier.dir/root/raspberry-pi-pico/pico/pico-sdk/src/rp2_common/pico_mem_ops/mem_ops_aeabi.S.obj
                0x200002c0                aeabi_mem_funcs
                0x200002d0                aeabi_mem_funcs_end
 .data.stdio_uart
                0x200002d0       0x14 CMakeFiles/barrier.dir/root/raspberry-pi-pico/pico/pico-sdk/src/rp2_common/pico_stdio_uart/stdio_uart.c.obj
                0x200002d0                stdio_uart
 *fill*         0x200002e4        0x4 
 .data          0x200002e8      0x430 /usr/lib/gcc/arm-none-eabi/8.3.1/../../../arm-none-eabi/lib/thumb/v6-m/nofp/libc.a(lib_a-impure.o)
                0x200002e8                _impure_ptr
 .data          0x20000718      0x410 /usr/lib/gcc/arm-none-eabi/8.3.1/../../../arm-none-eabi/lib/thumb/v6-m/nofp/libc.a(lib_a-mallocr.o)
                0x20000718                __malloc_sbrk_base
                0x2000071c                __malloc_trim_threshold
                0x20000720                __malloc_av_
 .data          0x20000b28      0x16c /usr/lib/gcc/arm-none-eabi/8.3.1/../../../arm-none-eabi/lib/thumb/v6-m/nofp/libc.a(lib_a-locale.o)
                0x20000b28                __global_locale
 .data          0x20000c94        0x2 /usr/lib/gcc/arm-none-eabi/8.3.1/../../../arm-none-eabi/lib/thumb/v6-m/nofp/libc.a(lib_a-lnumeric.o)
                0x20000c98                . = ALIGN (0x4)
 *fill*         0x20000c96        0x2 
 *(.after_data.*)
                0x20000c98                . = ALIGN (0x4)
                0x20000c98                PROVIDE (__mutex_array_start = .)
 *(SORT_BY_NAME(.mutex_array.*))
 *(.mutex_array)
 .mutex_array   0x20000c98        0x8 CMakeFiles/barrier.dir/root/raspberry-pi-pico/pico/pico-sdk/src/rp2_common/pico_stdio/stdio.c.obj
                0x20000ca0                PROVIDE (__mutex_array_end = .)
                0x20000ca0                . = ALIGN (0x4)
                0x20000ca0                PROVIDE (__preinit_array_start = .)
 *(SORT_BY_NAME(.preinit_array.*))
 .preinit_array.00001
                0x20000ca0        0x4 CMakeFiles/barrier.dir/root/raspberry-pi-pico/pico/pico-sdk/src/rp2_common/pico_mem_ops/mem_ops_aeabi.S.obj
 .preinit_array.00010
                0x20000ca4        0x4 CMakeFiles/barrier.dir/root/raspberry-pi-pico/pico/pico-sdk/src/rp2_common/pico_bit_ops/bit_ops_aeabi.S.obj
 .preinit_array.00020
                0x20000ca8        0x4 CMakeFiles/barrier.dir/root/raspberry-pi-pico/pico/pico-sdk/src/rp2_common/pico_double/double_aeabi.S.obj
 .preinit_array.00020
                0x20000cac        0x4 CMakeFiles/barrier.dir/root/raspberry-pi-pico/pico/pico-sdk/src/rp2_common/pico_float/float_aeabi.S.obj
 *(.preinit_array)
                0x20000cb0                PROVIDE (__preinit_array_end = .)
                0x20000cb0                . = ALIGN (0x4)
                0x20000cb0                PROVIDE (__init_array_start = .)
 *(SORT_BY_NAME(.init_array.*))
 *(.init_array)
 .init_array    0x20000cb0        0x4 /usr/lib/gcc/arm-none-eabi/8.3.1/thumb/v6-m/nofp/crtbegin.o
                0x20000cb4                PROVIDE (__init_array_end = .)
                0x20000cb4                . = ALIGN (0x4)
                0x20000cb4                PROVIDE (__fini_array_start = .)
 *(SORT_BY_NAME(.fini_array.*))
 *(.fini_array)
                0x20000cb4                PROVIDE (__fini_array_end = .)
 *(.jcr)
                0x20000cb4                . = ALIGN (0x4)
                0x20000cb4                __data_end__ = .

.tm_clone_table
                0x20000cb4        0x0 load address 0x1000bf5c
 .tm_clone_table
                0x20000cb4        0x0 /usr/lib/gcc/arm-none-eabi/8.3.1/thumb/v6-m/nofp/crtbegin.o
 .tm_clone_table
                0x20000cb4        0x0 /usr/lib/gcc/arm-none-eabi/8.3.1/thumb/v6-m/nofp/crtend.o

.igot.plt       0x20000cb4        0x0 load address 0x1000bf5c
 .igot.plt      0x20000cb4        0x0 /usr/lib/gcc/arm-none-eabi/8.3.1/thumb/v6-m/nofp/crtbegin.o

.uninitialized_data
                0x20000cb4        0x0 load address 0x1000bf5c
                0x20000cb4                . = ALIGN (0x4)
 *(.uninitialized_data*)

.scratch_x      0x20040000        0x0 load address 0x1000bf5c
                0x20040000                __scratch_x_start__ = .
 *(.scratch_x.*)
                0x20040000                . = ALIGN (0x4)
                0x20040000                __scratch_x_end__ = .
                0x1000bf5c                __scratch_x_source__ = LOADADDR (.scratch_x)

.scratch_y      0x20041000        0x0 load address 0x1000bf5c
                0x20041000                __scratch_y_start__ = .
 *(.scratch_y.*)
                0x20041000                . = ALIGN (0x4)
                0x20041000                __scratch_y_end__ = .
                0x1000bf5c                __scratch_y_source__ = LOADADDR (.scratch_y)

.bss            0x20000cb8      0x410
                0x20000cb8                . = ALIGN (0x4)
                0x20000cb8                __bss_start__ = .
 *(SORT_BY_ALIGNMENT(SORT_BY_NAME(.bss*)))
 .bss.default_alarm_pool_entries
                0x20000cb8      0x100 CMakeFiles/barrier.dir/root/raspberry-pi-pico/pico/pico-sdk/src/common/pico_time/time.c.obj
 .bss           0x20000db8       0x1c /usr/lib/gcc/arm-none-eabi/8.3.1/thumb/v6-m/nofp/crtbegin.o
 .bss           0x20000dd4       0x34 /usr/lib/gcc/arm-none-eabi/8.3.1/../../../arm-none-eabi/lib/thumb/v6-m/nofp/libc.a(lib_a-mallocr.o)
                0x20000dd4                __malloc_top_pad
                0x20000dd8                __malloc_current_mallinfo
                0x20000e00                __malloc_max_sbrked_mem
                0x20000e04                __malloc_max_total_mem
 .bss.alarm_callbacks
                0x20000e08       0x10 CMakeFiles/barrier.dir/root/raspberry-pi-pico/pico/pico-sdk/src/rp2_common/hardware_timer/timer.c.obj
 .bss.configured_freq
                0x20000e18       0x28 CMakeFiles/barrier.dir/root/raspberry-pi-pico/pico/pico-sdk/src/rp2_common/hardware_clocks/clocks.c.obj
 .bss.default_alarm_pool_entry_ids_high
                0x20000e40       0x10 CMakeFiles/barrier.dir/root/raspberry-pi-pico/pico/pico-sdk/src/common/pico_time/time.c.obj
 .bss.default_alarm_pool_heap_nodes
                0x20000e50       0x30 CMakeFiles/barrier.dir/root/raspberry-pi-pico/pico/pico-sdk/src/common/pico_time/time.c.obj
 .bss.drivers   0x20000e80        0x4 CMakeFiles/barrier.dir/root/raspberry-pi-pico/pico/pico-sdk/src/rp2_common/pico_stdio/stdio.c.obj
 .bss.filter    0x20000e84        0x4 CMakeFiles/barrier.dir/root/raspberry-pi-pico/pico/pico-sdk/src/rp2_common/pico_stdio/stdio.c.obj
 .bss.heap_end.5915
                0x20000e88        0x4 CMakeFiles/barrier.dir/root/raspberry-pi-pico/pico/pico-sdk/src/rp2_common/pico_runtime/runtime.c.obj
 .bss.lazy_vsnprintf
                0x20000e8c        0x4 CMakeFiles/barrier.dir/root/raspberry-pi-pico/pico/pico-sdk/src/rp2_common/pico_printf/printf.c.obj
 .bss.pools     0x20000e90       0x10 CMakeFiles/barrier.dir/root/raspberry-pi-pico/pico/pico-sdk/src/common/pico_time/time.c.obj
 .bss.sf_clz_func
                0x20000ea0        0x4 CMakeFiles/barrier.dir/root/raspberry-pi-pico/pico/pico-sdk/src/rp2_common/pico_double/double_init_rom.c.obj
                0x20000ea0                sf_clz_func
 .bss.sleep_notifier
                0x20000ea4        0x4 CMakeFiles/barrier.dir/root/raspberry-pi-pico/pico/pico-sdk/src/common/pico_time/time.c.obj
 .bss.target_hi
                0x20000ea8       0x10 CMakeFiles/barrier.dir/root/raspberry-pi-pico/pico/pico-sdk/src/rp2_common/hardware_timer/timer.c.obj
 .bss.uart_instance
                0x20000eb8        0x4 CMakeFiles/barrier.dir/root/raspberry-pi-pico/pico/pico-sdk/src/rp2_common/pico_stdio_uart/stdio_uart.c.obj
 .bss.claimed   0x20000ebc        0x1 CMakeFiles/barrier.dir/root/raspberry-pi-pico/pico/pico-sdk/src/rp2_common/hardware_timer/timer.c.obj
 .bss.irq_hander_chain_free_slot_head
                0x20000ebd        0x1 CMakeFiles/barrier.dir/root/raspberry-pi-pico/pico/pico-sdk/src/rp2_common/hardware_irq/irq.c.obj
 .bss.timer_callbacks_pending
                0x20000ebe        0x1 CMakeFiles/barrier.dir/root/raspberry-pi-pico/pico/pico-sdk/src/rp2_common/hardware_timer/timer.c.obj
 *(COMMON)
 *fill*         0x20000ebf        0x1 
 COMMON         0x20000ec0        0x4 CMakeFiles/barrier.dir/root/raspberry-pi-pico/pico/pico-sdk/src/rp2_common/hardware_uart/uart.c.obj
                0x20000ec0                uart_char_to_line_feed
 COMMON         0x20000ec4      0x100 CMakeFiles/barrier.dir/root/raspberry-pi-pico/pico/pico-sdk/src/rp2_common/pico_double/double_init_rom.c.obj
                0x20000ec4                sd_table
 COMMON         0x20000fc4      0x100 CMakeFiles/barrier.dir/root/raspberry-pi-pico/pico/pico-sdk/src/rp2_common/pico_float/float_init_rom.c.obj
                0x20000fc4                sf_table
 COMMON         0x200010c4        0x4 /usr/lib/gcc/arm-none-eabi/8.3.1/../../../arm-none-eabi/lib/thumb/v6-m/nofp/libc.a(lib_a-reent.o)
                0x200010c4                errno
                0x200010c8                . = ALIGN (0x4)
                0x200010c8                __bss_end__ = .

.heap           0x200010c8      0x800
                0x200010c8                __end__ = .
                0x200010c8                end = __end__
 *(.heap*)
 .heap          0x200010c8      0x800 CMakeFiles/barrier.dir/root/raspberry-pi-pico/pico/pico-sdk/src/rp2_common/pico_standard_link/crt0.S.obj
                0x200018c8                __HeapLimit = .

.stack1_dummy   0x20040000        0x0
 *(.stack1*)

.stack_dummy    0x20041000      0x800
 *(.stack*)
 .stack         0x20041000      0x800 CMakeFiles/barrier.dir/root/raspberry-pi-pico/pico/pico-sdk/src/rp2_common/pico_standard_link/crt0.S.obj

.flash_end      0x1000bf5c        0x0
                0x1000bf5c                __flash_binary_end = .
                0x20040000                __StackLimit = (ORIGIN (RAM) + LENGTH (RAM))
                0x20041000                __StackOneTop = (ORIGIN (SCRATCH_X) + LENGTH (SCRATCH_X))
                0x20042000                __StackTop = (ORIGIN (SCRATCH_Y) + LENGTH (SCRATCH_Y))
                0x20041000                __StackOneBottom = (__StackOneTop - SIZEOF (.stack1_dummy))
                0x20041800                __StackBottom = (__StackTop - SIZEOF (.stack_dummy))
                0x20042000                PROVIDE (__stack = __StackTop)
                0x00000001                ASSERT ((__StackLimit >= __HeapLimit), region RAM overflowed)
                0x00000001                ASSERT (((__binary_info_header_end - __logical_binary_start) <= 0x100), Binary info must be in first 256 bytes of the binary)
LOAD CMakeFiles/barrier.dir/barrier.c.obj
LOAD CMakeFiles/barrier.dir/root/raspberry-pi-pico/pico/pico-sdk/src/rp2_common/pico_stdlib/stdlib.c.obj
LOAD CMakeFiles/barrier.dir/root/raspberry-pi-pico/pico/pico-sdk/src/rp2_common/hardware_gpio/gpio.c.obj
LOAD CMakeFiles/barrier.dir/root/raspberry-pi-pico/pico/pico-sdk/src/rp2_common/hardware_claim/claim.c.obj
LOAD CMakeFiles/barrier.dir/root/raspberry-pi-pico/pico/pico-sdk/src/rp2_common/pico_platform/platform.c.obj
LOAD CMakeFiles/barrier.dir/root/raspberry-pi-pico/pico/pico-sdk/src/rp2_common/hardware_sync/sync.c.obj
LOAD CMakeFiles/barrier.dir/root/raspberry-pi-pico/pico/pico-sdk/src/rp2_common/hardware_irq/irq.c.obj
LOAD CMakeFiles/barrier.dir/root/raspberry-pi-pico/pico/pico-sdk/src/rp2_common/hardware_irq/irq_handler_chain.S.obj
LOAD CMakeFiles/barrier.dir/root/raspberry-pi-pico/pico/pico-sdk/src/common/pico_sync/sem.c.obj
LOAD CMakeFiles/barrier.dir/root/raspberry-pi-pico/pico/pico-sdk/src/common/pico_sync/lock_core.c.obj
LOAD CMakeFiles/barrier.dir/root/raspberry-pi-pico/pico/pico-sdk/src/common/pico_time/time.c.obj
LOAD CMakeFiles/barrier.dir/root/raspberry-pi-pico/pico/pico-sdk/src/common/pico_time/timeout_helper.c.obj
LOAD CMakeFiles/barrier.dir/root/raspberry-pi-pico/pico/pico-sdk/src/rp2_common/hardware_timer/timer.c.obj
LOAD CMakeFiles/barrier.dir/root/raspberry-pi-pico/pico/pico-sdk/src/common/pico_util/datetime.c.obj
LOAD CMakeFiles/barrier.dir/root/raspberry-pi-pico/pico/pico-sdk/src/common/pico_util/pheap.c.obj
LOAD CMakeFiles/barrier.dir/root/raspberry-pi-pico/pico/pico-sdk/src/common/pico_util/queue.c.obj
LOAD CMakeFiles/barrier.dir/root/raspberry-pi-pico/pico/pico-sdk/src/common/pico_sync/mutex.c.obj
LOAD CMakeFiles/barrier.dir/root/raspberry-pi-pico/pico/pico-sdk/src/common/pico_sync/critical_section.c.obj
LOAD CMakeFiles/barrier.dir/root/raspberry-pi-pico/pico/pico-sdk/src/rp2_common/hardware_uart/uart.c.obj
LOAD CMakeFiles/barrier.dir/root/raspberry-pi-pico/pico/pico-sdk/src/rp2_common/hardware_divider/divider.S.obj
LOAD CMakeFiles/barrier.dir/root/raspberry-pi-pico/pico/pico-sdk/src/rp2_common/pico_runtime/runtime.c.obj
LOAD CMakeFiles/barrier.dir/root/raspberry-pi-pico/pico/pico-sdk/src/rp2_common/hardware_clocks/clocks.c.obj
LOAD CMakeFiles/barrier.dir/root/raspberry-pi-pico/pico/pico-sdk/src/rp2_common/hardware_pll/pll.c.obj
LOAD CMakeFiles/barrier.dir/root/raspberry-pi-pico/pico/pico-sdk/src/rp2_common/hardware_vreg/vreg.c.obj
LOAD CMakeFiles/barrier.dir/root/raspberry-pi-pico/pico/pico-sdk/src/rp2_common/hardware_watchdog/watchdog.c.obj
LOAD CMakeFiles/barrier.dir/root/raspberry-pi-pico/pico/pico-sdk/src/rp2_common/hardware_xosc/xosc.c.obj
LOAD CMakeFiles/barrier.dir/root/raspberry-pi-pico/pico/pico-sdk/src/rp2_common/pico_printf/printf.c.obj
LOAD CMakeFiles/barrier.dir/root/raspberry-pi-pico/pico/pico-sdk/src/rp2_common/pico_bit_ops/bit_ops_aeabi.S.obj
LOAD CMakeFiles/barrier.dir/root/raspberry-pi-pico/pico/pico-sdk/src/rp2_common/pico_bootrom/bootrom.c.obj
LOAD CMakeFiles/barrier.dir/root/raspberry-pi-pico/pico/pico-sdk/src/rp2_common/pico_divider/divider.S.obj
LOAD CMakeFiles/barrier.dir/root/raspberry-pi-pico/pico/pico-sdk/src/rp2_common/pico_double/double_aeabi.S.obj
LOAD CMakeFiles/barrier.dir/root/raspberry-pi-pico/pico/pico-sdk/src/rp2_common/pico_double/double_init_rom.c.obj
LOAD CMakeFiles/barrier.dir/root/raspberry-pi-pico/pico/pico-sdk/src/rp2_common/pico_double/double_math.c.obj
LOAD CMakeFiles/barrier.dir/root/raspberry-pi-pico/pico/pico-sdk/src/rp2_common/pico_double/double_v1_rom_shim.S.obj
LOAD CMakeFiles/barrier.dir/root/raspberry-pi-pico/pico/pico-sdk/src/rp2_common/pico_int64_ops/pico_int64_ops_aeabi.S.obj
LOAD CMakeFiles/barrier.dir/root/raspberry-pi-pico/pico/pico-sdk/src/rp2_common/pico_float/float_aeabi.S.obj
LOAD CMakeFiles/barrier.dir/root/raspberry-pi-pico/pico/pico-sdk/src/rp2_common/pico_float/float_init_rom.c.obj
LOAD CMakeFiles/barrier.dir/root/raspberry-pi-pico/pico/pico-sdk/src/rp2_common/pico_float/float_math.c.obj
LOAD CMakeFiles/barrier.dir/root/raspberry-pi-pico/pico/pico-sdk/src/rp2_common/pico_float/float_v1_rom_shim.S.obj
LOAD CMakeFiles/barrier.dir/root/raspberry-pi-pico/pico/pico-sdk/src/rp2_common/pico_malloc/pico_malloc.c.obj
LOAD CMakeFiles/barrier.dir/root/raspberry-pi-pico/pico/pico-sdk/src/rp2_common/pico_mem_ops/mem_ops_aeabi.S.obj
LOAD CMakeFiles/barrier.dir/root/raspberry-pi-pico/pico/pico-sdk/src/rp2_common/pico_standard_link/crt0.S.obj
LOAD CMakeFiles/barrier.dir/root/raspberry-pi-pico/pico/pico-sdk/src/rp2_common/pico_standard_link/new_delete.cpp.obj
LOAD CMakeFiles/barrier.dir/root/raspberry-pi-pico/pico/pico-sdk/src/rp2_common/pico_standard_link/binary_info.c.obj
LOAD CMakeFiles/barrier.dir/root/raspberry-pi-pico/pico/pico-sdk/src/rp2_common/pico_stdio/stdio.c.obj
LOAD CMakeFiles/barrier.dir/root/raspberry-pi-pico/pico/pico-sdk/src/rp2_common/pico_stdio_uart/stdio_uart.c.obj
LOAD /tmp/ccxXdsAu.o
LOAD /usr/lib/gcc/arm-none-eabi/8.3.1/../../../arm-none-eabi/lib/thumb/v6-m/nofp/libstdc++.a
LOAD /usr/lib/gcc/arm-none-eabi/8.3.1/../../../arm-none-eabi/lib/thumb/v6-m/nofp/libm.a
START GROUP
LOAD /usr/lib/gcc/arm-none-eabi/8.3.1/thumb/v6-m/nofp/libgcc.a
LOAD /usr/lib/gcc/arm-none-eabi/8.3.1/../../../arm-none-eabi/lib/thumb/v6-m/nofp/libc.a
END GROUP
START GROUP
LOAD /usr/lib/gcc/arm-none-eabi/8.3.1/thumb/v6-m/nofp/libgcc.a
LOAD /usr/lib/gcc/arm-none-eabi/8.3.1/../../../arm-none-eabi/lib/thumb/v6-m/nofp/libc.a
LOAD /usr/lib/gcc/arm-none-eabi/8.3.1/../../../arm-none-eabi/lib/thumb/v6-m/nofp/libnosys.a
END GROUP
LOAD /usr/lib/gcc/arm-none-eabi/8.3.1/thumb/v6-m/nofp/crtend.o
LOAD /usr/lib/gcc/arm-none-eabi/8.3.1/thumb/v6-m/nofp/crtn.o
OUTPUT(barrier.elf elf32-littlearm)
LOAD linker stubs

.ARM.attributes
                0x00000000       0x28
 .ARM.attributes
                0x00000000       0x1e /usr/lib/gcc/arm-none-eabi/8.3.1/thumb/v6-m/nofp/crti.o
 .ARM.attributes
                0x0000001e       0x2c /usr/lib/gcc/arm-none-eabi/8.3.1/thumb/v6-m/nofp/crtbegin.o
 .ARM.attributes
                0x0000004a       0x2c CMakeFiles/barrier.dir/barrier.c.obj
 .ARM.attributes
                0x00000076       0x2c CMakeFiles/barrier.dir/root/raspberry-pi-pico/pico/pico-sdk/src/rp2_common/hardware_gpio/gpio.c.obj
 .ARM.attributes
                0x000000a2       0x2c CMakeFiles/barrier.dir/root/raspberry-pi-pico/pico/pico-sdk/src/rp2_common/hardware_claim/claim.c.obj
 .ARM.attributes
                0x000000ce       0x2c CMakeFiles/barrier.dir/root/raspberry-pi-pico/pico/pico-sdk/src/rp2_common/pico_platform/platform.c.obj
 .ARM.attributes
                0x000000fa       0x2c CMakeFiles/barrier.dir/root/raspberry-pi-pico/pico/pico-sdk/src/rp2_common/hardware_sync/sync.c.obj
 .ARM.attributes
                0x00000126       0x2c CMakeFiles/barrier.dir/root/raspberry-pi-pico/pico/pico-sdk/src/rp2_common/hardware_irq/irq.c.obj
 .ARM.attributes
                0x00000152       0x22 CMakeFiles/barrier.dir/root/raspberry-pi-pico/pico/pico-sdk/src/rp2_common/hardware_irq/irq_handler_chain.S.obj
 .ARM.attributes
                0x00000174       0x2c CMakeFiles/barrier.dir/root/raspberry-pi-pico/pico/pico-sdk/src/common/pico_sync/lock_core.c.obj
 .ARM.attributes
                0x000001a0       0x2c CMakeFiles/barrier.dir/root/raspberry-pi-pico/pico/pico-sdk/src/common/pico_time/time.c.obj
 .ARM.attributes
                0x000001cc       0x2c CMakeFiles/barrier.dir/root/raspberry-pi-pico/pico/pico-sdk/src/rp2_common/hardware_timer/timer.c.obj
 .ARM.attributes
                0x000001f8       0x2c CMakeFiles/barrier.dir/root/raspberry-pi-pico/pico/pico-sdk/src/common/pico_util/pheap.c.obj
 .ARM.attributes
                0x00000224       0x2c CMakeFiles/barrier.dir/root/raspberry-pi-pico/pico/pico-sdk/src/common/pico_sync/mutex.c.obj
 .ARM.attributes
                0x00000250       0x2c CMakeFiles/barrier.dir/root/raspberry-pi-pico/pico/pico-sdk/src/rp2_common/hardware_uart/uart.c.obj
 .ARM.attributes
                0x0000027c       0x2c CMakeFiles/barrier.dir/root/raspberry-pi-pico/pico/pico-sdk/src/rp2_common/pico_runtime/runtime.c.obj
 .ARM.attributes
                0x000002a8       0x2c CMakeFiles/barrier.dir/root/raspberry-pi-pico/pico/pico-sdk/src/rp2_common/hardware_clocks/clocks.c.obj
 .ARM.attributes
                0x000002d4       0x2c CMakeFiles/barrier.dir/root/raspberry-pi-pico/pico/pico-sdk/src/rp2_common/hardware_pll/pll.c.obj
 .ARM.attributes
                0x00000300       0x2c CMakeFiles/barrier.dir/root/raspberry-pi-pico/pico/pico-sdk/src/rp2_common/hardware_watchdog/watchdog.c.obj
 .ARM.attributes
                0x0000032c       0x2c CMakeFiles/barrier.dir/root/raspberry-pi-pico/pico/pico-sdk/src/rp2_common/hardware_xosc/xosc.c.obj
 .ARM.attributes
                0x00000358       0x2c CMakeFiles/barrier.dir/root/raspberry-pi-pico/pico/pico-sdk/src/rp2_common/pico_printf/printf.c.obj
 .ARM.attributes
                0x00000384       0x22 CMakeFiles/barrier.dir/root/raspberry-pi-pico/pico/pico-sdk/src/rp2_common/pico_bit_ops/bit_ops_aeabi.S.obj
 .ARM.attributes
                0x000003a6       0x2c CMakeFiles/barrier.dir/root/raspberry-pi-pico/pico/pico-sdk/src/rp2_common/pico_bootrom/bootrom.c.obj
 .ARM.attributes
                0x000003d2       0x22 CMakeFiles/barrier.dir/root/raspberry-pi-pico/pico/pico-sdk/src/rp2_common/pico_divider/divider.S.obj
 .ARM.attributes
                0x000003f4       0x22 CMakeFiles/barrier.dir/root/raspberry-pi-pico/pico/pico-sdk/src/rp2_common/pico_double/double_aeabi.S.obj
 .ARM.attributes
                0x00000416       0x2c CMakeFiles/barrier.dir/root/raspberry-pi-pico/pico/pico-sdk/src/rp2_common/pico_double/double_init_rom.c.obj
 .ARM.attributes
                0x00000442       0x22 CMakeFiles/barrier.dir/root/raspberry-pi-pico/pico/pico-sdk/src/rp2_common/pico_double/double_v1_rom_shim.S.obj
 .ARM.attributes
                0x00000464       0x22 CMakeFiles/barrier.dir/root/raspberry-pi-pico/pico/pico-sdk/src/rp2_common/pico_int64_ops/pico_int64_ops_aeabi.S.obj
 .ARM.attributes
                0x00000486       0x22 CMakeFiles/barrier.dir/root/raspberry-pi-pico/pico/pico-sdk/src/rp2_common/pico_float/float_aeabi.S.obj
 .ARM.attributes
                0x000004a8       0x2c CMakeFiles/barrier.dir/root/raspberry-pi-pico/pico/pico-sdk/src/rp2_common/pico_float/float_init_rom.c.obj
 .ARM.attributes
                0x000004d4       0x22 CMakeFiles/barrier.dir/root/raspberry-pi-pico/pico/pico-sdk/src/rp2_common/pico_float/float_v1_rom_shim.S.obj
 .ARM.attributes
                0x000004f6       0x22 CMakeFiles/barrier.dir/root/raspberry-pi-pico/pico/pico-sdk/src/rp2_common/pico_mem_ops/mem_ops_aeabi.S.obj
 .ARM.attributes
                0x00000518       0x22 CMakeFiles/barrier.dir/root/raspberry-pi-pico/pico/pico-sdk/src/rp2_common/pico_standard_link/crt0.S.obj
 .ARM.attributes
                0x0000053a       0x32 CMakeFiles/barrier.dir/root/raspberry-pi-pico/pico/pico-sdk/src/rp2_common/pico_standard_link/binary_info.c.obj
 .ARM.attributes
                0x0000056c       0x2c CMakeFiles/barrier.dir/root/raspberry-pi-pico/pico/pico-sdk/src/rp2_common/pico_stdio/stdio.c.obj
 .ARM.attributes
                0x00000598       0x2c CMakeFiles/barrier.dir/root/raspberry-pi-pico/pico/pico-sdk/src/rp2_common/pico_stdio_uart/stdio_uart.c.obj
 .ARM.attributes
                0x000005c4       0x22 /tmp/ccxXdsAu.o
 .ARM.attributes
                0x000005e6       0x1e /usr/lib/gcc/arm-none-eabi/8.3.1/thumb/v6-m/nofp/libgcc.a(_dvmd_tls.o)
 .ARM.attributes
                0x00000604       0x2c /usr/lib/gcc/arm-none-eabi/8.3.1/../../../arm-none-eabi/lib/thumb/v6-m/nofp/libc.a(lib_a-callocr.o)
 .ARM.attributes
                0x00000630       0x2c /usr/lib/gcc/arm-none-eabi/8.3.1/../../../arm-none-eabi/lib/thumb/v6-m/nofp/libc.a(lib_a-impure.o)
 .ARM.attributes
                0x0000065c       0x2c /usr/lib/gcc/arm-none-eabi/8.3.1/../../../arm-none-eabi/lib/thumb/v6-m/nofp/libc.a(lib_a-mallocr.o)
 .ARM.attributes
                0x00000688       0x2c /usr/lib/gcc/arm-none-eabi/8.3.1/../../../arm-none-eabi/lib/thumb/v6-m/nofp/libc.a(lib_a-mlock.o)
 .ARM.attributes
                0x000006b4       0x2c /usr/lib/gcc/arm-none-eabi/8.3.1/../../../arm-none-eabi/lib/thumb/v6-m/nofp/libc.a(lib_a-reallocr.o)
 .ARM.attributes
                0x000006e0       0x2c /usr/lib/gcc/arm-none-eabi/8.3.1/../../../arm-none-eabi/lib/thumb/v6-m/nofp/libc.a(lib_a-sbrkr.o)
 .ARM.attributes
                0x0000070c       0x2c /usr/lib/gcc/arm-none-eabi/8.3.1/../../../arm-none-eabi/lib/thumb/v6-m/nofp/libc.a(lib_a-scanf.o)
 .ARM.attributes
                0x00000738       0x1b /usr/lib/gcc/arm-none-eabi/8.3.1/../../../arm-none-eabi/lib/thumb/v6-m/nofp/libc.a(lib_a-strcmp.o)
 .ARM.attributes
                0x00000753       0x2c /usr/lib/gcc/arm-none-eabi/8.3.1/../../../arm-none-eabi/lib/thumb/v6-m/nofp/libc.a(lib_a-strlen-stub.o)
 .ARM.attributes
                0x0000077f       0x2c /usr/lib/gcc/arm-none-eabi/8.3.1/../../../arm-none-eabi/lib/thumb/v6-m/nofp/libc.a(lib_a-vfscanf.o)
 .ARM.attributes
                0x000007ab       0x2c /usr/lib/gcc/arm-none-eabi/8.3.1/../../../arm-none-eabi/lib/thumb/v6-m/nofp/libc.a(lib_a-ctype_.o)
 .ARM.attributes
                0x000007d7       0x2c /usr/lib/gcc/arm-none-eabi/8.3.1/../../../arm-none-eabi/lib/thumb/v6-m/nofp/libc.a(lib_a-findfp.o)
 .ARM.attributes
                0x00000803       0x2c /usr/lib/gcc/arm-none-eabi/8.3.1/../../../arm-none-eabi/lib/thumb/v6-m/nofp/libc.a(lib_a-fread.o)
 .ARM.attributes
                0x0000082f       0x2c /usr/lib/gcc/arm-none-eabi/8.3.1/../../../arm-none-eabi/lib/thumb/v6-m/nofp/libc.a(lib_a-freer.o)
 .ARM.attributes
                0x0000085b       0x2c /usr/lib/gcc/arm-none-eabi/8.3.1/../../../arm-none-eabi/lib/thumb/v6-m/nofp/libc.a(lib_a-fwalk.o)
 .ARM.attributes
                0x00000887       0x2c /usr/lib/gcc/arm-none-eabi/8.3.1/../../../arm-none-eabi/lib/thumb/v6-m/nofp/libc.a(lib_a-iswspace.o)
 .ARM.attributes
                0x000008b3       0x2c /usr/lib/gcc/arm-none-eabi/8.3.1/../../../arm-none-eabi/lib/thumb/v6-m/nofp/libc.a(lib_a-iswspace_l.o)
 .ARM.attributes
                0x000008df       0x2c /usr/lib/gcc/arm-none-eabi/8.3.1/../../../arm-none-eabi/lib/thumb/v6-m/nofp/libc.a(lib_a-locale.o)
 .ARM.attributes
                0x0000090b       0x2c /usr/lib/gcc/arm-none-eabi/8.3.1/../../../arm-none-eabi/lib/thumb/v6-m/nofp/libc.a(lib_a-localeconv.o)
 .ARM.attributes
                0x00000937       0x2c /usr/lib/gcc/arm-none-eabi/8.3.1/../../../arm-none-eabi/lib/thumb/v6-m/nofp/libc.a(lib_a-mbrtowc.o)
 .ARM.attributes
                0x00000963       0x2c /usr/lib/gcc/arm-none-eabi/8.3.1/../../../arm-none-eabi/lib/thumb/v6-m/nofp/libc.a(lib_a-mbtowc_r.o)
 .ARM.attributes
                0x0000098f       0x2c /usr/lib/gcc/arm-none-eabi/8.3.1/../../../arm-none-eabi/lib/thumb/v6-m/nofp/libc.a(lib_a-memmove.o)
 .ARM.attributes
                0x000009bb       0x2c /usr/lib/gcc/arm-none-eabi/8.3.1/../../../arm-none-eabi/lib/thumb/v6-m/nofp/libc.a(lib_a-reent.o)
 .ARM.attributes
                0x000009e7       0x2c /usr/lib/gcc/arm-none-eabi/8.3.1/../../../arm-none-eabi/lib/thumb/v6-m/nofp/libc.a(lib_a-refill.o)
 .ARM.attributes
                0x00000a13       0x2c /usr/lib/gcc/arm-none-eabi/8.3.1/../../../arm-none-eabi/lib/thumb/v6-m/nofp/libc.a(lib_a-sccl.o)
 .ARM.attributes
                0x00000a3f       0x2c /usr/lib/gcc/arm-none-eabi/8.3.1/../../../arm-none-eabi/lib/thumb/v6-m/nofp/libc.a(lib_a-sf_nan.o)
 .ARM.attributes
                0x00000a6b       0x2c /usr/lib/gcc/arm-none-eabi/8.3.1/../../../arm-none-eabi/lib/thumb/v6-m/nofp/libc.a(lib_a-stdio.o)
 .ARM.attributes
                0x00000a97       0x2c /usr/lib/gcc/arm-none-eabi/8.3.1/../../../arm-none-eabi/lib/thumb/v6-m/nofp/libc.a(lib_a-strtod.o)
 .ARM.attributes
                0x00000ac3       0x2c /usr/lib/gcc/arm-none-eabi/8.3.1/../../../arm-none-eabi/lib/thumb/v6-m/nofp/libc.a(lib_a-strtol.o)
 .ARM.attributes
                0x00000aef       0x2c /usr/lib/gcc/arm-none-eabi/8.3.1/../../../arm-none-eabi/lib/thumb/v6-m/nofp/libc.a(lib_a-strtoll.o)
 .ARM.attributes
                0x00000b1b       0x2c /usr/lib/gcc/arm-none-eabi/8.3.1/../../../arm-none-eabi/lib/thumb/v6-m/nofp/libc.a(lib_a-strtoul.o)
 .ARM.attributes
                0x00000b47       0x2c /usr/lib/gcc/arm-none-eabi/8.3.1/../../../arm-none-eabi/lib/thumb/v6-m/nofp/libc.a(lib_a-strtoull.o)
 .ARM.attributes
                0x00000b73       0x2c /usr/lib/gcc/arm-none-eabi/8.3.1/../../../arm-none-eabi/lib/thumb/v6-m/nofp/libc.a(lib_a-ungetc.o)
 .ARM.attributes
                0x00000b9f       0x2c /usr/lib/gcc/arm-none-eabi/8.3.1/../../../arm-none-eabi/lib/thumb/v6-m/nofp/libc.a(lib_a-wctomb_r.o)
 .ARM.attributes
                0x00000bcb       0x2c /usr/lib/gcc/arm-none-eabi/8.3.1/../../../arm-none-eabi/lib/thumb/v6-m/nofp/libc.a(lib_a-writer.o)
 .ARM.attributes
                0x00000bf7       0x2c /usr/lib/gcc/arm-none-eabi/8.3.1/../../../arm-none-eabi/lib/thumb/v6-m/nofp/libc.a(lib_a-closer.o)
 .ARM.attributes
                0x00000c23       0x2c /usr/lib/gcc/arm-none-eabi/8.3.1/../../../arm-none-eabi/lib/thumb/v6-m/nofp/libc.a(lib_a-errno.o)
 .ARM.attributes
                0x00000c4f       0x2c /usr/lib/gcc/arm-none-eabi/8.3.1/../../../arm-none-eabi/lib/thumb/v6-m/nofp/libc.a(lib_a-fclose.o)
 .ARM.attributes
                0x00000c7b       0x2c /usr/lib/gcc/arm-none-eabi/8.3.1/../../../arm-none-eabi/lib/thumb/v6-m/nofp/libc.a(lib_a-fflush.o)
 .ARM.attributes
                0x00000ca7       0x2c /usr/lib/gcc/arm-none-eabi/8.3.1/../../../arm-none-eabi/lib/thumb/v6-m/nofp/libc.a(lib_a-gdtoa-gethex.o)
 .ARM.attributes
                0x00000cd3       0x2c /usr/lib/gcc/arm-none-eabi/8.3.1/../../../arm-none-eabi/lib/thumb/v6-m/nofp/libc.a(lib_a-gdtoa-hexnan.o)
 .ARM.attributes
                0x00000cff       0x2c /usr/lib/gcc/arm-none-eabi/8.3.1/../../../arm-none-eabi/lib/thumb/v6-m/nofp/libc.a(lib_a-lnumeric.o)
 .ARM.attributes
                0x00000d2b       0x2c /usr/lib/gcc/arm-none-eabi/8.3.1/../../../arm-none-eabi/lib/thumb/v6-m/nofp/libc.a(lib_a-lseekr.o)
 .ARM.attributes
                0x00000d57       0x2c /usr/lib/gcc/arm-none-eabi/8.3.1/../../../arm-none-eabi/lib/thumb/v6-m/nofp/libc.a(lib_a-makebuf.o)
 .ARM.attributes
                0x00000d83       0x2c /usr/lib/gcc/arm-none-eabi/8.3.1/../../../arm-none-eabi/lib/thumb/v6-m/nofp/libc.a(lib_a-mprec.o)
 .ARM.attributes
                0x00000daf       0x2c /usr/lib/gcc/arm-none-eabi/8.3.1/../../../arm-none-eabi/lib/thumb/v6-m/nofp/libc.a(lib_a-readr.o)
 .ARM.attributes
                0x00000ddb       0x2c /usr/lib/gcc/arm-none-eabi/8.3.1/../../../arm-none-eabi/lib/thumb/v6-m/nofp/libc.a(lib_a-s_nan.o)
 .ARM.attributes
                0x00000e07       0x2c /usr/lib/gcc/arm-none-eabi/8.3.1/../../../arm-none-eabi/lib/thumb/v6-m/nofp/libc.a(lib_a-strncmp.o)
 .ARM.attributes
                0x00000e33       0x2c /usr/lib/gcc/arm-none-eabi/8.3.1/../../../arm-none-eabi/lib/thumb/v6-m/nofp/libc.a(lib_a-fstatr.o)
 .ARM.attributes
                0x00000e5f       0x2c /usr/lib/gcc/arm-none-eabi/8.3.1/../../../arm-none-eabi/lib/thumb/v6-m/nofp/libc.a(lib_a-isattyr.o)
 .ARM.attributes
                0x00000e8b       0x2c /usr/lib/gcc/arm-none-eabi/8.3.1/../../../arm-none-eabi/lib/thumb/v6-m/nofp/libnosys.a(close.o)
 .ARM.attributes
                0x00000eb7       0x2c /usr/lib/gcc/arm-none-eabi/8.3.1/../../../arm-none-eabi/lib/thumb/v6-m/nofp/libnosys.a(fstat.o)
 .ARM.attributes
                0x00000ee3       0x2c /usr/lib/gcc/arm-none-eabi/8.3.1/../../../arm-none-eabi/lib/thumb/v6-m/nofp/libnosys.a(isatty.o)
 .ARM.attributes
                0x00000f0f       0x2c /usr/lib/gcc/arm-none-eabi/8.3.1/../../../arm-none-eabi/lib/thumb/v6-m/nofp/libnosys.a(lseek.o)
 .ARM.attributes
                0x00000f3b       0x2c /usr/lib/gcc/arm-none-eabi/8.3.1/thumb/v6-m/nofp/crtend.o

.comment        0x00000000       0x9f
 .comment       0x00000000       0x51 /usr/lib/gcc/arm-none-eabi/8.3.1/thumb/v6-m/nofp/crtbegin.o
                                 0x52 (size before relaxing)
 .comment       0x00000051       0x52 CMakeFiles/barrier.dir/barrier.c.obj
 .comment       0x00000051       0x52 CMakeFiles/barrier.dir/root/raspberry-pi-pico/pico/pico-sdk/src/rp2_common/hardware_gpio/gpio.c.obj
 .comment       0x00000051       0x52 CMakeFiles/barrier.dir/root/raspberry-pi-pico/pico/pico-sdk/src/rp2_common/hardware_claim/claim.c.obj
 .comment       0x00000051       0x52 CMakeFiles/barrier.dir/root/raspberry-pi-pico/pico/pico-sdk/src/rp2_common/pico_platform/platform.c.obj
 .comment       0x00000051       0x52 CMakeFiles/barrier.dir/root/raspberry-pi-pico/pico/pico-sdk/src/rp2_common/hardware_sync/sync.c.obj
 .comment       0x00000051       0x52 CMakeFiles/barrier.dir/root/raspberry-pi-pico/pico/pico-sdk/src/rp2_common/hardware_irq/irq.c.obj
 .comment       0x00000051       0x52 CMakeFiles/barrier.dir/root/raspberry-pi-pico/pico/pico-sdk/src/common/pico_sync/lock_core.c.obj
 .comment       0x00000051       0x52 CMakeFiles/barrier.dir/root/raspberry-pi-pico/pico/pico-sdk/src/common/pico_time/time.c.obj
 .comment       0x00000051       0x52 CMakeFiles/barrier.dir/root/raspberry-pi-pico/pico/pico-sdk/src/rp2_common/hardware_timer/timer.c.obj
 .comment       0x00000051       0x52 CMakeFiles/barrier.dir/root/raspberry-pi-pico/pico/pico-sdk/src/common/pico_util/pheap.c.obj
 .comment       0x00000051       0x52 CMakeFiles/barrier.dir/root/raspberry-pi-pico/pico/pico-sdk/src/common/pico_sync/mutex.c.obj
 .comment       0x00000051       0x52 CMakeFiles/barrier.dir/root/raspberry-pi-pico/pico/pico-sdk/src/rp2_common/hardware_uart/uart.c.obj
 .comment       0x00000051       0x52 CMakeFiles/barrier.dir/root/raspberry-pi-pico/pico/pico-sdk/src/rp2_common/pico_runtime/runtime.c.obj
 .comment       0x00000051       0x52 CMakeFiles/barrier.dir/root/raspberry-pi-pico/pico/pico-sdk/src/rp2_common/hardware_clocks/clocks.c.obj
 .comment       0x00000051       0x52 CMakeFiles/barrier.dir/root/raspberry-pi-pico/pico/pico-sdk/src/rp2_common/hardware_pll/pll.c.obj
 .comment       0x00000051       0x52 CMakeFiles/barrier.dir/root/raspberry-pi-pico/pico/pico-sdk/src/rp2_common/hardware_watchdog/watchdog.c.obj
 .comment       0x00000051       0x52 CMakeFiles/barrier.dir/root/raspberry-pi-pico/pico/pico-sdk/src/rp2_common/hardware_xosc/xosc.c.obj
 .comment       0x00000051       0x52 CMakeFiles/barrier.dir/root/raspberry-pi-pico/pico/pico-sdk/src/rp2_common/pico_printf/printf.c.obj
 .comment       0x00000051       0x52 CMakeFiles/barrier.dir/root/raspberry-pi-pico/pico/pico-sdk/src/rp2_common/pico_bootrom/bootrom.c.obj
 .comment       0x00000051       0x52 CMakeFiles/barrier.dir/root/raspberry-pi-pico/pico/pico-sdk/src/rp2_common/pico_double/double_init_rom.c.obj
 .comment       0x00000051       0x52 CMakeFiles/barrier.dir/root/raspberry-pi-pico/pico/pico-sdk/src/rp2_common/pico_float/float_init_rom.c.obj
 .comment       0x00000051       0x52 CMakeFiles/barrier.dir/root/raspberry-pi-pico/pico/pico-sdk/src/rp2_common/pico_standard_link/binary_info.c.obj
 .comment       0x00000051       0x52 CMakeFiles/barrier.dir/root/raspberry-pi-pico/pico/pico-sdk/src/rp2_common/pico_stdio/stdio.c.obj
 .comment       0x00000051       0x52 CMakeFiles/barrier.dir/root/raspberry-pi-pico/pico/pico-sdk/src/rp2_common/pico_stdio_uart/stdio_uart.c.obj
 .comment       0x00000051       0x4e /usr/lib/gcc/arm-none-eabi/8.3.1/../../../arm-none-eabi/lib/thumb/v6-m/nofp/libc.a(lib_a-callocr.o)
                                 0x4f (size before relaxing)
 .comment       0x0000009f       0x4f /usr/lib/gcc/arm-none-eabi/8.3.1/../../../arm-none-eabi/lib/thumb/v6-m/nofp/libc.a(lib_a-impure.o)
 .comment       0x0000009f       0x4f /usr/lib/gcc/arm-none-eabi/8.3.1/../../../arm-none-eabi/lib/thumb/v6-m/nofp/libc.a(lib_a-mallocr.o)
 .comment       0x0000009f       0x4f /usr/lib/gcc/arm-none-eabi/8.3.1/../../../arm-none-eabi/lib/thumb/v6-m/nofp/libc.a(lib_a-mlock.o)
 .comment       0x0000009f       0x4f /usr/lib/gcc/arm-none-eabi/8.3.1/../../../arm-none-eabi/lib/thumb/v6-m/nofp/libc.a(lib_a-reallocr.o)
 .comment       0x0000009f       0x4f /usr/lib/gcc/arm-none-eabi/8.3.1/../../../arm-none-eabi/lib/thumb/v6-m/nofp/libc.a(lib_a-sbrkr.o)
 .comment       0x0000009f       0x4f /usr/lib/gcc/arm-none-eabi/8.3.1/../../../arm-none-eabi/lib/thumb/v6-m/nofp/libc.a(lib_a-scanf.o)
 .comment       0x0000009f       0x4f /usr/lib/gcc/arm-none-eabi/8.3.1/../../../arm-none-eabi/lib/thumb/v6-m/nofp/libc.a(lib_a-strlen-stub.o)
 .comment       0x0000009f       0x4f /usr/lib/gcc/arm-none-eabi/8.3.1/../../../arm-none-eabi/lib/thumb/v6-m/nofp/libc.a(lib_a-vfscanf.o)